[    1525ms] [VERBOSE] [DOM] Input elements should have autocomplete attributes (suggested: "current-password"): (More info: https://goo.gl/9p2vKq) %o @ http://localhost:5174/login?redirect=/site/setting:0
[  261514ms] [ERROR] WebSocket connection to 'ws://localhost:5174/ws/user' failed: WebSocket opening handshake timed out @ http://localhost:5174/src/stores/inbox.ts:81
[  282528ms] [LOG] [vite] server connection lost. Polling for restart... @ http://localhost:5174/@vite/client:963
[  282539ms] [ERROR] WebSocket connection to 'ws://localhost:5174/ws/user' failed: Connection closed before receiving a handshake response @ http://localhost:5174/src/stores/inbox.ts:81
[  282550ms] [ERROR] WebSocket connection to 'ws://localhost:5174/' failed: Error in connection establishment: net::ERR_CONNECTION_REFUSED @ http://localhost:5174/@vite/client:1034
[  283555ms] [ERROR] WebSocket connection to 'ws://localhost:5174/' failed: Error in connection establishment: net::ERR_CONNECTION_REFUSED @ http://localhost:5174/@vite/client:1034
[  284545ms] [ERROR] WebSocket connection to 'ws://localhost:5174/ws/user' failed: Error in connection establishment: net::ERR_CONNECTION_REFUSED @ http://localhost:5174/src/stores/inbox.ts:81
[  284561ms] [ERROR] WebSocket connection to 'ws://localhost:5174/' failed: Error in connection establishment: net::ERR_CONNECTION_REFUSED @ http://localhost:5174/@vite/client:1034
[  285572ms] [ERROR] WebSocket connection to 'ws://localhost:5174/' failed: Error in connection establishment: net::ERR_CONNECTION_REFUSED @ http://localhost:5174/@vite/client:1034
[  286590ms] [ERROR] WebSocket connection to 'ws://localhost:5174/' failed: Error in connection establishment: net::ERR_CONNECTION_REFUSED @ http://localhost:5174/@vite/client:1034
[  287641ms] [ERROR] WebSocket connection to 'ws://localhost:5174/' failed: Error in connection establishment: net::ERR_CONNECTION_REFUSED @ http://localhost:5174/@vite/client:1034
[  288577ms] [ERROR] WebSocket connection to 'ws://localhost:5174/ws/user' failed: Error in connection establishment: net::ERR_CONNECTION_REFUSED @ http://localhost:5174/src/stores/inbox.ts:81
[  288763ms] [ERROR] WebSocket connection to 'ws://localhost:5174/' failed: Error in connection establishment: net::ERR_CONNECTION_REFUSED @ http://localhost:5174/@vite/client:1034
[  289935ms] [ERROR] WebSocket connection to 'ws://localhost:5174/' failed: Error in connection establishment: net::ERR_CONNECTION_REFUSED @ http://localhost:5174/@vite/client:1034
[  291428ms] [ERROR] WebSocket connection to 'ws://localhost:5174/' failed: Error in connection establishment: net::ERR_CONNECTION_REFUSED @ http://localhost:5174/@vite/client:1034
[  293593ms] [ERROR] WebSocket connection to 'ws://localhost:5174/' failed: Error in connection establishment: net::ERR_CONNECTION_REFUSED @ http://localhost:5174/@vite/client:1034
[  295935ms] [ERROR] WebSocket connection to 'ws://localhost:5174/' failed: Error in connection establishment: net::ERR_CONNECTION_REFUSED @ http://localhost:5174/@vite/client:1034
[  299174ms] [ERROR] WebSocket connection to 'ws://localhost:5174/ws/user' failed: Error in connection establishment: net::ERR_CONNECTION_REFUSED @ http://localhost:5174/src/stores/inbox.ts:81
[  299279ms] [ERROR] WebSocket connection to 'ws://localhost:5174/' failed: Error in connection establishment: net::ERR_CONNECTION_REFUSED @ http://localhost:5174/@vite/client:1034
[  302423ms] [ERROR] WebSocket connection to 'ws://localhost:5174/' failed: Error in connection establishment: net::ERR_CONNECTION_REFUSED @ http://localhost:5174/@vite/client:1034
[  305956ms] [ERROR] WebSocket connection to 'ws://localhost:5174/' failed: Error in connection establishment: net::ERR_CONNECTION_REFUSED @ http://localhost:5174/@vite/client:1034
[  309548ms] [ERROR] WebSocket connection to 'ws://localhost:5174/' failed: Error in connection establishment: net::ERR_CONNECTION_REFUSED @ http://localhost:5174/@vite/client:1034
[  314580ms] [ERROR] WebSocket connection to 'ws://localhost:5174/' failed: Error in connection establishment: net::ERR_CONNECTION_REFUSED @ http://localhost:5174/@vite/client:1034
[  316404ms] [ERROR] WebSocket connection to 'ws://localhost:5174/ws/user' failed: Error in connection establishment: net::ERR_CONNECTION_REFUSED @ http://localhost:5174/src/stores/inbox.ts:81
[  319683ms] [ERROR] WebSocket connection to 'ws://localhost:5174/' failed: Error in connection establishment: net::ERR_CONNECTION_REFUSED @ http://localhost:5174/@vite/client:1034
[  321527ms] [ERROR] Failed to load resource: net::ERR_CONNECTION_REFUSED @ http://localhost:5174/api/v1/notifications/unread-counts:0
[  321528ms] [ERROR] 未处理 Promise 异常: AxiosError: Network Error
    at XMLHttpRequest.handleError (http://localhost:5174/node_modules/.vite/deps/axios.js?v=5a3fb38e:2033:19)
    at Axios.request (http://localhost:5174/node_modules/.vite/deps/axios.js?v=5a3fb38e:2930:41)
    at async request (http://localhost:5174/src/api/transport.ts:184:20)
    at async execute (http://localhost:5174/src/api/transport.ts:188:20)
    at async Proxy.fetchUnreadCounts (http://localhost:5174/src/stores/notification.ts:90:17)
    at async http://localhost:5174/src/stores/inbox.ts:35:7 @ http://localhost:5174/src/utils/logger.ts:10
[  321542ms] AxiosError: Network Error
    at XMLHttpRequest.handleError (http://localhost:5174/node_modules/.vite/deps/axios.js?v=5a3fb38e:2033:19)
    at Axios.request (http://localhost:5174/node_modules/.vite/deps/axios.js?v=5a3fb38e:2930:41)
    at async request (http://localhost:5174/src/api/transport.ts:184:20)
    at async execute (http://localhost:5174/src/api/transport.ts:188:20)
    at async Proxy.fetchUnreadCounts (http://localhost:5174/src/stores/notification.ts:90:17)
    at async http://localhost:5174/src/stores/inbox.ts:35:7
[  321734ms] [ERROR] WebSocket connection to 'ws://localhost:5174/' failed: Error in connection establishment: net::ERR_CONNECTION_REFUSED @ http://localhost:5174/@vite/client:1034
[  326145ms] [ERROR] WebSocket connection to 'ws://localhost:5174/' failed: Error in connection establishment: net::ERR_CONNECTION_REFUSED @ http://localhost:5174/@vite/client:1034
[  331314ms] [ERROR] WebSocket connection to 'ws://localhost:5174/' failed: Error in connection establishment: net::ERR_CONNECTION_REFUSED @ http://localhost:5174/@vite/client:1034
[  334348ms] [ERROR] WebSocket connection to 'ws://localhost:5174/' failed: Error in connection establishment: net::ERR_CONNECTION_REFUSED @ http://localhost:5174/@vite/client:1034
[  337141ms] [ERROR] WebSocket connection to 'ws://localhost:5174/' failed: Error in connection establishment: net::ERR_CONNECTION_REFUSED @ http://localhost:5174/@vite/client:1034
[  342417ms] [ERROR] WebSocket connection to 'ws://localhost:5174/' failed: Error in connection establishment: net::ERR_CONNECTION_REFUSED @ http://localhost:5174/@vite/client:1034
[  345274ms] [ERROR] WebSocket connection to 'ws://localhost:5174/' failed: Error in connection establishment: net::ERR_CONNECTION_REFUSED @ http://localhost:5174/@vite/client:1034
[  347968ms] [ERROR] WebSocket connection to 'ws://localhost:5174/ws/user' failed: Error in connection establishment: net::ERR_CONNECTION_REFUSED @ http://localhost:5174/src/stores/inbox.ts:81
[  348914ms] [ERROR] WebSocket connection to 'ws://localhost:5174/' failed: Error in connection establishment: net::ERR_CONNECTION_REFUSED @ http://localhost:5174/@vite/client:1034
[  351555ms] [ERROR] WebSocket connection to 'ws://localhost:5174/' failed: Error in connection establishment: net::ERR_CONNECTION_REFUSED @ http://localhost:5174/@vite/client:1034
[  356305ms] [ERROR] WebSocket connection to 'ws://localhost:5174/' failed: Error in connection establishment: net::ERR_CONNECTION_REFUSED @ http://localhost:5174/@vite/client:1034
[  361908ms] [ERROR] WebSocket connection to 'ws://localhost:5174/' failed: Error in connection establishment: net::ERR_CONNECTION_REFUSED @ http://localhost:5174/@vite/client:1034
[  364724ms] [ERROR] WebSocket connection to 'ws://localhost:5174/' failed: Error in connection establishment: net::ERR_CONNECTION_REFUSED @ http://localhost:5174/@vite/client:1034
[  367768ms] [ERROR] WebSocket connection to 'ws://localhost:5174/' failed: Error in connection establishment: net::ERR_CONNECTION_REFUSED @ http://localhost:5174/@vite/client:1034
[  373091ms] [ERROR] WebSocket connection to 'ws://localhost:5174/' failed: Error in connection establishment: net::ERR_CONNECTION_REFUSED @ http://localhost:5174/@vite/client:1034
[  375414ms] [ERROR] WebSocket connection to 'ws://localhost:5174/' failed: Error in connection establishment: net::ERR_CONNECTION_REFUSED @ http://localhost:5174/@vite/client:1034
[  379018ms] [ERROR] WebSocket connection to 'ws://localhost:5174/ws/user' failed: Error in connection establishment: net::ERR_CONNECTION_REFUSED @ http://localhost:5174/src/stores/inbox.ts:81
[  379949ms] [ERROR] WebSocket connection to 'ws://localhost:5174/' failed: Error in connection establishment: net::ERR_CONNECTION_REFUSED @ http://localhost:5174/@vite/client:1034
[  381523ms] [ERROR] Failed to load resource: net::ERR_CONNECTION_REFUSED @ http://localhost:5174/api/v1/notifications/unread-counts:0
[  381523ms] [ERROR] 未处理 Promise 异常: AxiosError: Network Error
    at XMLHttpRequest.handleError (http://localhost:5174/node_modules/.vite/deps/axios.js?v=5a3fb38e:2033:19)
    at Axios.request (http://localhost:5174/node_modules/.vite/deps/axios.js?v=5a3fb38e:2930:41)
    at async request (http://localhost:5174/src/api/transport.ts:184:20)
    at async execute (http://localhost:5174/src/api/transport.ts:188:20)
    at async Proxy.fetchUnreadCounts (http://localhost:5174/src/stores/notification.ts:90:17)
    at async http://localhost:5174/src/stores/inbox.ts:35:7 @ http://localhost:5174/src/utils/logger.ts:10
[  381528ms] AxiosError: Network Error
    at XMLHttpRequest.handleError (http://localhost:5174/node_modules/.vite/deps/axios.js?v=5a3fb38e:2033:19)
    at Axios.request (http://localhost:5174/node_modules/.vite/deps/axios.js?v=5a3fb38e:2930:41)
    at async request (http://localhost:5174/src/api/transport.ts:184:20)
    at async execute (http://localhost:5174/src/api/transport.ts:188:20)
    at async Proxy.fetchUnreadCounts (http://localhost:5174/src/stores/notification.ts:90:17)
    at async http://localhost:5174/src/stores/inbox.ts:35:7
