[    1372ms] [ERROR] Failed to load resource: the server responded with a status of 401 (Unauthorized) @ http://localhost:5174/api/v1/notifications/unread-counts:0
[    1624ms] [ERROR] Failed to load resource: the server responded with a status of 401 (Unauthorized) @ http://localhost:5174/api/v1/music/edits?status=open&page_size=50:0
[    1626ms] [ERROR] Failed to load resource: the server responded with a status of 401 (Unauthorized) @ http://localhost:5174/api/v1/admin/users?status=all&activity=all&page=1&page_size=5:0
[    1626ms] [ERROR] Failed to load resource: the server responded with a status of 401 (Unauthorized) @ http://localhost:5174/api/v1/admin/feed/fulltext/sources?page=1&limit=5&sort=pending_count:0
[    1636ms] [ERROR] Vue: mounted hook: ApiErrorResponseError: Login required
    at unwrapResponseEnvelope (http://localhost:5174/src/api/client.ts:40:11)
    at async listMusicEdits (http://localhost:5174/src/api/musicV1/catalog.ts:268:20)
    at async fetchReviewItems (http://localhost:5174/src/components/setting/SettingMusicReviewPanel.vue:46:24)
    at async http://localhost:5174/src/components/setting/SettingMusicReviewPanel.vue:119:7 @ http://localhost:5174/src/utils/logger.ts:10
[    1662ms] [ERROR] Failed to load resource: the server responded with a status of 401 (Unauthorized) @ http://localhost:5174/api/v1/forum/moderation/moderators:0
[    4804ms] [LOG] [vite] server connection lost. Polling for restart... @ http://localhost:5174/@vite/client:963
[    4807ms] [ERROR] WebSocket connection to 'ws://localhost:5174/ws/user' failed: Connection closed before receiving a handshake response @ http://localhost:5174/src/stores/inbox.ts:81
[    4815ms] [ERROR] WebSocket connection to 'ws://localhost:5174/' failed: Error in connection establishment: net::ERR_CONNECTION_REFUSED @ http://localhost:5174/@vite/client:1034
[    5873ms] [ERROR] WebSocket connection to 'ws://localhost:5174/ws/user' failed: Error in connection establishment: net::ERR_CONNECTION_REFUSED @ http://localhost:5174/src/stores/inbox.ts:81
[    5898ms] [ERROR] WebSocket connection to 'ws://localhost:5174/' failed: Error in connection establishment: net::ERR_CONNECTION_REFUSED @ http://localhost:5174/@vite/client:1034
[    6903ms] [ERROR] WebSocket connection to 'ws://localhost:5174/' failed: Error in connection establishment: net::ERR_CONNECTION_REFUSED @ http://localhost:5174/@vite/client:1034
[    7876ms] [ERROR] WebSocket connection to 'ws://localhost:5174/ws/user' failed: Error in connection establishment: net::ERR_CONNECTION_REFUSED @ http://localhost:5174/src/stores/inbox.ts:81
[    7925ms] [ERROR] WebSocket connection to 'ws://localhost:5174/' failed: Error in connection establishment: net::ERR_CONNECTION_REFUSED @ http://localhost:5174/@vite/client:1034
[    8934ms] [ERROR] WebSocket connection to 'ws://localhost:5174/' failed: Error in connection establishment: net::ERR_CONNECTION_REFUSED @ http://localhost:5174/@vite/client:1034
[    9942ms] [ERROR] WebSocket connection to 'ws://localhost:5174/' failed: Error in connection establishment: net::ERR_CONNECTION_REFUSED @ http://localhost:5174/@vite/client:1034
[   10945ms] [ERROR] WebSocket connection to 'ws://localhost:5174/' failed: Error in connection establishment: net::ERR_CONNECTION_REFUSED @ http://localhost:5174/@vite/client:1034
[   11878ms] [ERROR] WebSocket connection to 'ws://localhost:5174/ws/user' failed: Error in connection establishment: net::ERR_CONNECTION_REFUSED @ http://localhost:5174/src/stores/inbox.ts:81
[   11947ms] [ERROR] WebSocket connection to 'ws://localhost:5174/' failed: Error in connection establishment: net::ERR_CONNECTION_REFUSED @ http://localhost:5174/@vite/client:1034
[   12950ms] [ERROR] WebSocket connection to 'ws://localhost:5174/' failed: Error in connection establishment: net::ERR_CONNECTION_REFUSED @ http://localhost:5174/@vite/client:1034
[   13953ms] [ERROR] WebSocket connection to 'ws://localhost:5174/' failed: Error in connection establishment: net::ERR_CONNECTION_REFUSED @ http://localhost:5174/@vite/client:1034
[   14961ms] [ERROR] WebSocket connection to 'ws://localhost:5174/' failed: Error in connection establishment: net::ERR_CONNECTION_REFUSED @ http://localhost:5174/@vite/client:1034
[   16000ms] [ERROR] WebSocket connection to 'ws://localhost:5174/' failed: Error in connection establishment: net::ERR_CONNECTION_REFUSED @ http://localhost:5174/@vite/client:1034
[   17028ms] [ERROR] WebSocket connection to 'ws://localhost:5174/' failed: Error in connection establishment: net::ERR_CONNECTION_REFUSED @ http://localhost:5174/@vite/client:1034
[   18036ms] [ERROR] WebSocket connection to 'ws://localhost:5174/' failed: Error in connection establishment: net::ERR_CONNECTION_REFUSED @ http://localhost:5174/@vite/client:1034
[   19045ms] [ERROR] WebSocket connection to 'ws://localhost:5174/' failed: Error in connection establishment: net::ERR_CONNECTION_REFUSED @ http://localhost:5174/@vite/client:1034
[   19888ms] [ERROR] WebSocket connection to 'ws://localhost:5174/ws/user' failed: Error in connection establishment: net::ERR_CONNECTION_REFUSED @ http://localhost:5174/src/stores/inbox.ts:81
[   20054ms] [ERROR] WebSocket connection to 'ws://localhost:5174/' failed: Error in connection establishment: net::ERR_CONNECTION_REFUSED @ http://localhost:5174/@vite/client:1034
[   21065ms] [ERROR] WebSocket connection to 'ws://localhost:5174/' failed: Error in connection establishment: net::ERR_CONNECTION_REFUSED @ http://localhost:5174/@vite/client:1034
[   22076ms] [ERROR] WebSocket connection to 'ws://localhost:5174/' failed: Error in connection establishment: net::ERR_CONNECTION_REFUSED @ http://localhost:5174/@vite/client:1034
[   23088ms] [ERROR] WebSocket connection to 'ws://localhost:5174/' failed: Error in connection establishment: net::ERR_CONNECTION_REFUSED @ http://localhost:5174/@vite/client:1034
[   24105ms] [ERROR] WebSocket connection to 'ws://localhost:5174/' failed: Error in connection establishment: net::ERR_CONNECTION_REFUSED @ http://localhost:5174/@vite/client:1034
[   25112ms] [ERROR] WebSocket connection to 'ws://localhost:5174/' failed: Error in connection establishment: net::ERR_CONNECTION_REFUSED @ http://localhost:5174/@vite/client:1034
[   26125ms] [ERROR] WebSocket connection to 'ws://localhost:5174/' failed: Error in connection establishment: net::ERR_CONNECTION_REFUSED @ http://localhost:5174/@vite/client:1034
[   27144ms] [ERROR] WebSocket connection to 'ws://localhost:5174/' failed: Error in connection establishment: net::ERR_CONNECTION_REFUSED @ http://localhost:5174/@vite/client:1034
[   28164ms] [ERROR] WebSocket connection to 'ws://localhost:5174/' failed: Error in connection establishment: net::ERR_CONNECTION_REFUSED @ http://localhost:5174/@vite/client:1034
[   29186ms] [ERROR] WebSocket connection to 'ws://localhost:5174/' failed: Error in connection establishment: net::ERR_CONNECTION_REFUSED @ http://localhost:5174/@vite/client:1034
[   30203ms] [ERROR] WebSocket connection to 'ws://localhost:5174/' failed: Error in connection establishment: net::ERR_CONNECTION_REFUSED @ http://localhost:5174/@vite/client:1034
[   31229ms] [ERROR] WebSocket connection to 'ws://localhost:5174/' failed: Error in connection establishment: net::ERR_CONNECTION_REFUSED @ http://localhost:5174/@vite/client:1034
[   32257ms] [ERROR] WebSocket connection to 'ws://localhost:5174/' failed: Error in connection establishment: net::ERR_CONNECTION_REFUSED @ http://localhost:5174/@vite/client:1034
[   33288ms] [ERROR] WebSocket connection to 'ws://localhost:5174/' failed: Error in connection establishment: net::ERR_CONNECTION_REFUSED @ http://localhost:5174/@vite/client:1034
[   34314ms] [ERROR] WebSocket connection to 'ws://localhost:5174/' failed: Error in connection establishment: net::ERR_CONNECTION_REFUSED @ http://localhost:5174/@vite/client:1034
[   35389ms] [ERROR] WebSocket connection to 'ws://localhost:5174/' failed: Error in connection establishment: net::ERR_CONNECTION_REFUSED @ http://localhost:5174/@vite/client:1034
[   35946ms] [ERROR] WebSocket connection to 'ws://localhost:5174/ws/user' failed: Error in connection establishment: net::ERR_CONNECTION_REFUSED @ http://localhost:5174/src/stores/inbox.ts:81
[   36445ms] [ERROR] WebSocket connection to 'ws://localhost:5174/' failed: Error in connection establishment: net::ERR_CONNECTION_REFUSED @ http://localhost:5174/@vite/client:1034
[   37517ms] [ERROR] WebSocket connection to 'ws://localhost:5174/' failed: Error in connection establishment: net::ERR_CONNECTION_REFUSED @ http://localhost:5174/@vite/client:1034
[   38576ms] [ERROR] WebSocket connection to 'ws://localhost:5174/' failed: Error in connection establishment: net::ERR_CONNECTION_REFUSED @ http://localhost:5174/@vite/client:1034
[   39623ms] [ERROR] WebSocket connection to 'ws://localhost:5174/' failed: Error in connection establishment: net::ERR_CONNECTION_REFUSED @ http://localhost:5174/@vite/client:1034
[   40771ms] [ERROR] WebSocket connection to 'ws://localhost:5174/' failed: Error in connection establishment: net::ERR_CONNECTION_REFUSED @ http://localhost:5174/@vite/client:1034
[   41828ms] [ERROR] WebSocket connection to 'ws://localhost:5174/' failed: Error in connection establishment: net::ERR_CONNECTION_REFUSED @ http://localhost:5174/@vite/client:1034
[   43119ms] [ERROR] WebSocket connection to 'ws://localhost:5174/' failed: Error in connection establishment: net::ERR_CONNECTION_REFUSED @ http://localhost:5174/@vite/client:1034
[   44276ms] [ERROR] WebSocket connection to 'ws://localhost:5174/' failed: Error in connection establishment: net::ERR_CONNECTION_REFUSED @ http://localhost:5174/@vite/client:1034
[   45446ms] [ERROR] WebSocket connection to 'ws://localhost:5174/' failed: Error in connection establishment: net::ERR_CONNECTION_REFUSED @ http://localhost:5174/@vite/client:1034
[   46725ms] [ERROR] WebSocket connection to 'ws://localhost:5174/' failed: Error in connection establishment: net::ERR_CONNECTION_REFUSED @ http://localhost:5174/@vite/client:1034
[   47923ms] [ERROR] WebSocket connection to 'ws://localhost:5174/' failed: Error in connection establishment: net::ERR_CONNECTION_REFUSED @ http://localhost:5174/@vite/client:1034
[   49543ms] [ERROR] WebSocket connection to 'ws://localhost:5174/' failed: Error in connection establishment: net::ERR_CONNECTION_REFUSED @ http://localhost:5174/@vite/client:1034
[   50772ms] [ERROR] WebSocket connection to 'ws://localhost:5174/' failed: Error in connection establishment: net::ERR_CONNECTION_REFUSED @ http://localhost:5174/@vite/client:1034
[   52356ms] [ERROR] WebSocket connection to 'ws://localhost:5174/' failed: Error in connection establishment: net::ERR_CONNECTION_REFUSED @ http://localhost:5174/@vite/client:1034
[   54505ms] [ERROR] WebSocket connection to 'ws://localhost:5174/' failed: Error in connection establishment: net::ERR_CONNECTION_REFUSED @ http://localhost:5174/@vite/client:1034
[   56314ms] [ERROR] WebSocket connection to 'ws://localhost:5174/' failed: Error in connection establishment: net::ERR_CONNECTION_REFUSED @ http://localhost:5174/@vite/client:1034
[   57972ms] [ERROR] WebSocket connection to 'ws://localhost:5174/' failed: Error in connection establishment: net::ERR_CONNECTION_REFUSED @ http://localhost:5174/@vite/client:1034
[   59256ms] [ERROR] WebSocket connection to 'ws://localhost:5174/' failed: Error in connection establishment: net::ERR_CONNECTION_REFUSED @ http://localhost:5174/@vite/client:1034
[   61789ms] [ERROR] WebSocket connection to 'ws://localhost:5174/' failed: Error in connection establishment: net::ERR_CONNECTION_REFUSED @ http://localhost:5174/@vite/client:1034
[   64143ms] [ERROR] WebSocket connection to 'ws://localhost:5174/' failed: Error in connection establishment: net::ERR_CONNECTION_REFUSED @ http://localhost:5174/@vite/client:1034
[   64816ms] [ERROR] Failed to load resource: net::ERR_CONNECTION_REFUSED @ http://localhost:5174/api/v1/notifications/unread-counts:0
[   64816ms] [ERROR] 未处理 Promise 异常: AxiosError: Network Error
    at XMLHttpRequest.handleError (http://localhost:5174/node_modules/.vite/deps/axios.js?v=21d465be:2033:19)
    at Axios.request (http://localhost:5174/node_modules/.vite/deps/axios.js?v=21d465be:2930:41)
    at async request (http://localhost:5174/src/api/transport.ts:184:20)
    at async execute (http://localhost:5174/src/api/transport.ts:188:20)
    at async Proxy.fetchUnreadCounts (http://localhost:5174/src/stores/notification.ts:90:17)
    at async http://localhost:5174/src/stores/inbox.ts:35:7 @ http://localhost:5174/src/utils/logger.ts:10
[   64820ms] AxiosError: Network Error
    at XMLHttpRequest.handleError (http://localhost:5174/node_modules/.vite/deps/axios.js?v=21d465be:2033:19)
    at Axios.request (http://localhost:5174/node_modules/.vite/deps/axios.js?v=21d465be:2930:41)
    at async request (http://localhost:5174/src/api/transport.ts:184:20)
    at async execute (http://localhost:5174/src/api/transport.ts:188:20)
    at async Proxy.fetchUnreadCounts (http://localhost:5174/src/stores/notification.ts:90:17)
    at async http://localhost:5174/src/stores/inbox.ts:35:7
[   66405ms] [ERROR] WebSocket connection to 'ws://localhost:5174/' failed: Error in connection establishment: net::ERR_CONNECTION_REFUSED @ http://localhost:5174/@vite/client:1034
[   68305ms] [ERROR] WebSocket connection to 'ws://localhost:5174/ws/user' failed: Error in connection establishment: net::ERR_CONNECTION_REFUSED @ http://localhost:5174/src/stores/inbox.ts:81
[   70183ms] [ERROR] WebSocket connection to 'ws://localhost:5174/' failed: Error in connection establishment: net::ERR_CONNECTION_REFUSED @ http://localhost:5174/@vite/client:1034
[   75419ms] [ERROR] WebSocket connection to 'ws://localhost:5174/' failed: Error in connection establishment: net::ERR_CONNECTION_REFUSED @ http://localhost:5174/@vite/client:1034
[   81040ms] [ERROR] WebSocket connection to 'ws://localhost:5174/' failed: Error in connection establishment: net::ERR_CONNECTION_REFUSED @ http://localhost:5174/@vite/client:1034
[   86486ms] [ERROR] WebSocket connection to 'ws://localhost:5174/' failed: Error in connection establishment: net::ERR_CONNECTION_REFUSED @ http://localhost:5174/@vite/client:1034
[   90880ms] [ERROR] WebSocket connection to 'ws://localhost:5174/' failed: Error in connection establishment: net::ERR_CONNECTION_REFUSED @ http://localhost:5174/@vite/client:1034
[   96792ms] [ERROR] WebSocket connection to 'ws://localhost:5174/' failed: Error in connection establishment: net::ERR_CONNECTION_REFUSED @ http://localhost:5174/@vite/client:1034
[  100486ms] [ERROR] WebSocket connection to 'ws://localhost:5174/ws/user' failed: Error in connection establishment: net::ERR_CONNECTION_REFUSED @ http://localhost:5174/src/stores/inbox.ts:81
[  100980ms] [ERROR] WebSocket connection to 'ws://localhost:5174/' failed: Error in connection establishment: net::ERR_CONNECTION_REFUSED @ http://localhost:5174/@vite/client:1034
[  106010ms] [ERROR] WebSocket connection to 'ws://localhost:5174/' failed: Error in connection establishment: net::ERR_CONNECTION_REFUSED @ http://localhost:5174/@vite/client:1034
[  109213ms] [ERROR] WebSocket connection to 'ws://localhost:5174/' failed: Error in connection establishment: net::ERR_CONNECTION_REFUSED @ http://localhost:5174/@vite/client:1034
[  113680ms] [ERROR] WebSocket connection to 'ws://localhost:5174/' failed: Error in connection establishment: net::ERR_CONNECTION_REFUSED @ http://localhost:5174/@vite/client:1034
[  118337ms] [ERROR] WebSocket connection to 'ws://localhost:5174/' failed: Error in connection establishment: net::ERR_CONNECTION_REFUSED @ http://localhost:5174/@vite/client:1034
[  122350ms] [ERROR] WebSocket connection to 'ws://localhost:5174/' failed: Error in connection establishment: net::ERR_CONNECTION_REFUSED @ http://localhost:5174/@vite/client:1034
[  124433ms] [ERROR] WebSocket connection to 'ws://localhost:5174/' failed: Error in connection establishment: net::ERR_CONNECTION_REFUSED @ http://localhost:5174/@vite/client:1034
[  124817ms] [ERROR] Failed to load resource: net::ERR_CONNECTION_REFUSED @ http://localhost:5174/api/v1/notifications/unread-counts:0
[  124817ms] [ERROR] 未处理 Promise 异常: AxiosError: Network Error
    at XMLHttpRequest.handleError (http://localhost:5174/node_modules/.vite/deps/axios.js?v=21d465be:2033:19)
    at Axios.request (http://localhost:5174/node_modules/.vite/deps/axios.js?v=21d465be:2930:41)
    at async request (http://localhost:5174/src/api/transport.ts:184:20)
    at async execute (http://localhost:5174/src/api/transport.ts:188:20)
    at async Proxy.fetchUnreadCounts (http://localhost:5174/src/stores/notification.ts:90:17)
    at async http://localhost:5174/src/stores/inbox.ts:35:7 @ http://localhost:5174/src/utils/logger.ts:10
[  124821ms] AxiosError: Network Error
    at XMLHttpRequest.handleError (http://localhost:5174/node_modules/.vite/deps/axios.js?v=21d465be:2033:19)
    at Axios.request (http://localhost:5174/node_modules/.vite/deps/axios.js?v=21d465be:2930:41)
    at async request (http://localhost:5174/src/api/transport.ts:184:20)
    at async execute (http://localhost:5174/src/api/transport.ts:188:20)
    at async Proxy.fetchUnreadCounts (http://localhost:5174/src/stores/notification.ts:90:17)
    at async http://localhost:5174/src/stores/inbox.ts:35:7
[  128136ms] [ERROR] WebSocket connection to 'ws://localhost:5174/' failed: Error in connection establishment: net::ERR_CONNECTION_REFUSED @ http://localhost:5174/@vite/client:1034
[  132179ms] [ERROR] WebSocket connection to 'ws://localhost:5174/ws/user' failed: Error in connection establishment: net::ERR_CONNECTION_REFUSED @ http://localhost:5174/src/stores/inbox.ts:81
[  133811ms] [ERROR] WebSocket connection to 'ws://localhost:5174/' failed: Error in connection establishment: net::ERR_CONNECTION_REFUSED @ http://localhost:5174/@vite/client:1034
[  139537ms] [ERROR] WebSocket connection to 'ws://localhost:5174/' failed: Error in connection establishment: net::ERR_CONNECTION_REFUSED @ http://localhost:5174/@vite/client:1034
[  142777ms] [ERROR] WebSocket connection to 'ws://localhost:5174/' failed: Error in connection establishment: net::ERR_CONNECTION_REFUSED @ http://localhost:5174/@vite/client:1034
[  145591ms] [ERROR] WebSocket connection to 'ws://localhost:5174/' failed: Error in connection establishment: net::ERR_CONNECTION_REFUSED @ http://localhost:5174/@vite/client:1034
[  149928ms] [ERROR] WebSocket connection to 'ws://localhost:5174/' failed: Error in connection establishment: net::ERR_CONNECTION_REFUSED @ http://localhost:5174/@vite/client:1034
[  155263ms] [ERROR] WebSocket connection to 'ws://localhost:5174/' failed: Error in connection establishment: net::ERR_CONNECTION_REFUSED @ http://localhost:5174/@vite/client:1034
[  158325ms] [ERROR] WebSocket connection to 'ws://localhost:5174/' failed: Error in connection establishment: net::ERR_CONNECTION_REFUSED @ http://localhost:5174/@vite/client:1034
[  163940ms] [ERROR] WebSocket connection to 'ws://localhost:5174/' failed: Error in connection establishment: net::ERR_CONNECTION_REFUSED @ http://localhost:5174/@vite/client:1034
[  166310ms] [ERROR] WebSocket connection to 'ws://localhost:5174/' failed: Error in connection establishment: net::ERR_CONNECTION_REFUSED @ http://localhost:5174/@vite/client:1034
[  166821ms] [ERROR] WebSocket connection to 'ws://localhost:5174/ws/user' failed: Error in connection establishment: net::ERR_CONNECTION_REFUSED @ http://localhost:5174/src/stores/inbox.ts:81
[  168704ms] [ERROR] WebSocket connection to 'ws://localhost:5174/' failed: Error in connection establishment: net::ERR_CONNECTION_REFUSED @ http://localhost:5174/@vite/client:1034
[  173390ms] [ERROR] WebSocket connection to 'ws://localhost:5174/' failed: Error in connection establishment: net::ERR_CONNECTION_REFUSED @ http://localhost:5174/@vite/client:1034
[  176627ms] [ERROR] WebSocket connection to 'ws://localhost:5174/' failed: Error in connection establishment: net::ERR_CONNECTION_REFUSED @ http://localhost:5174/@vite/client:1034
[  181146ms] [ERROR] WebSocket connection to 'ws://localhost:5174/' failed: Error in connection establishment: net::ERR_CONNECTION_REFUSED @ http://localhost:5174/@vite/client:1034
[  184833ms] [ERROR] Failed to load resource: net::ERR_CONNECTION_REFUSED @ http://localhost:5174/api/v1/notifications/unread-counts:0
[  184834ms] [ERROR] 未处理 Promise 异常: AxiosError: Network Error
    at XMLHttpRequest.handleError (http://localhost:5174/node_modules/.vite/deps/axios.js?v=21d465be:2033:19)
    at Axios.request (http://localhost:5174/node_modules/.vite/deps/axios.js?v=21d465be:2930:41)
    at async request (http://localhost:5174/src/api/transport.ts:184:20)
    at async execute (http://localhost:5174/src/api/transport.ts:188:20)
    at async Proxy.fetchUnreadCounts (http://localhost:5174/src/stores/notification.ts:90:17)
    at async http://localhost:5174/src/stores/inbox.ts:35:7 @ http://localhost:5174/src/utils/logger.ts:10
[  184847ms] AxiosError: Network Error
    at XMLHttpRequest.handleError (http://localhost:5174/node_modules/.vite/deps/axios.js?v=21d465be:2033:19)
    at Axios.request (http://localhost:5174/node_modules/.vite/deps/axios.js?v=21d465be:2930:41)
    at async request (http://localhost:5174/src/api/transport.ts:184:20)
    at async execute (http://localhost:5174/src/api/transport.ts:188:20)
    at async Proxy.fetchUnreadCounts (http://localhost:5174/src/stores/notification.ts:90:17)
    at async http://localhost:5174/src/stores/inbox.ts:35:7
[  185977ms] [ERROR] WebSocket connection to 'ws://localhost:5174/' failed: Error in connection establishment: net::ERR_CONNECTION_REFUSED @ http://localhost:5174/@vite/client:1034
[  190889ms] [ERROR] WebSocket connection to 'ws://localhost:5174/' failed: Error in connection establishment: net::ERR_CONNECTION_REFUSED @ http://localhost:5174/@vite/client:1034
[  194780ms] [ERROR] WebSocket connection to 'ws://localhost:5174/' failed: Error in connection establishment: net::ERR_CONNECTION_REFUSED @ http://localhost:5174/@vite/client:1034
[  197508ms] [ERROR] WebSocket connection to 'ws://localhost:5174/' failed: Error in connection establishment: net::ERR_CONNECTION_REFUSED @ http://localhost:5174/@vite/client:1034
[  198783ms] [ERROR] WebSocket connection to 'ws://localhost:5174/ws/user' failed: Error in connection establishment: net::ERR_CONNECTION_REFUSED @ http://localhost:5174/src/stores/inbox.ts:81
[  199948ms] [ERROR] WebSocket connection to 'ws://localhost:5174/' failed: Error in connection establishment: net::ERR_CONNECTION_REFUSED @ http://localhost:5174/@vite/client:1034
[  202347ms] [ERROR] WebSocket connection to 'ws://localhost:5174/' failed: Error in connection establishment: net::ERR_CONNECTION_REFUSED @ http://localhost:5174/@vite/client:1034
[  208301ms] [ERROR] WebSocket connection to 'ws://localhost:5174/' failed: Error in connection establishment: net::ERR_CONNECTION_REFUSED @ http://localhost:5174/@vite/client:1034
[  212541ms] [ERROR] WebSocket connection to 'ws://localhost:5174/' failed: Error in connection establishment: net::ERR_CONNECTION_REFUSED @ http://localhost:5174/@vite/client:1034
[  217161ms] [ERROR] WebSocket connection to 'ws://localhost:5174/' failed: Error in connection establishment: net::ERR_CONNECTION_REFUSED @ http://localhost:5174/@vite/client:1034
[  219644ms] [ERROR] WebSocket connection to 'ws://localhost:5174/' failed: Error in connection establishment: net::ERR_CONNECTION_REFUSED @ http://localhost:5174/@vite/client:1034
[  223464ms] [ERROR] WebSocket connection to 'ws://localhost:5174/' failed: Error in connection establishment: net::ERR_CONNECTION_REFUSED @ http://localhost:5174/@vite/client:1034
[  227928ms] [ERROR] WebSocket connection to 'ws://localhost:5174/' failed: Error in connection establishment: net::ERR_CONNECTION_REFUSED @ http://localhost:5174/@vite/client:1034
[  233140ms] [ERROR] WebSocket connection to 'ws://localhost:5174/ws/user' failed: Error in connection establishment: net::ERR_CONNECTION_REFUSED @ http://localhost:5174/src/stores/inbox.ts:81
[  233745ms] [ERROR] WebSocket connection to 'ws://localhost:5174/' failed: Error in connection establishment: net::ERR_CONNECTION_REFUSED @ http://localhost:5174/@vite/client:1034
[  238798ms] [ERROR] WebSocket connection to 'ws://localhost:5174/' failed: Error in connection establishment: net::ERR_CONNECTION_REFUSED @ http://localhost:5174/@vite/client:1034
[  242448ms] [ERROR] WebSocket connection to 'ws://localhost:5174/' failed: Error in connection establishment: net::ERR_CONNECTION_REFUSED @ http://localhost:5174/@vite/client:1034
[  244864ms] [ERROR] Failed to load resource: net::ERR_CONNECTION_REFUSED @ http://localhost:5174/api/v1/notifications/unread-counts:0
[  244864ms] [ERROR] 未处理 Promise 异常: AxiosError: Network Error
    at XMLHttpRequest.handleError (http://localhost:5174/node_modules/.vite/deps/axios.js?v=21d465be:2033:19)
    at Axios.request (http://localhost:5174/node_modules/.vite/deps/axios.js?v=21d465be:2930:41)
    at async request (http://localhost:5174/src/api/transport.ts:184:20)
    at async execute (http://localhost:5174/src/api/transport.ts:188:20)
    at async Proxy.fetchUnreadCounts (http://localhost:5174/src/stores/notification.ts:90:17)
    at async http://localhost:5174/src/stores/inbox.ts:35:7 @ http://localhost:5174/src/utils/logger.ts:10
[  244870ms] AxiosError: Network Error
    at XMLHttpRequest.handleError (http://localhost:5174/node_modules/.vite/deps/axios.js?v=21d465be:2033:19)
    at Axios.request (http://localhost:5174/node_modules/.vite/deps/axios.js?v=21d465be:2930:41)
    at async request (http://localhost:5174/src/api/transport.ts:184:20)
    at async execute (http://localhost:5174/src/api/transport.ts:188:20)
    at async Proxy.fetchUnreadCounts (http://localhost:5174/src/stores/notification.ts:90:17)
    at async http://localhost:5174/src/stores/inbox.ts:35:7
[  246824ms] [ERROR] WebSocket connection to 'ws://localhost:5174/' failed: Error in connection establishment: net::ERR_CONNECTION_REFUSED @ http://localhost:5174/@vite/client:1034
[  250795ms] [ERROR] WebSocket connection to 'ws://localhost:5174/' failed: Error in connection establishment: net::ERR_CONNECTION_REFUSED @ http://localhost:5174/@vite/client:1034
[  251799ms] [ERROR] WebSocket connection to 'ws://localhost:5174/' failed: Error in connection establishment: net::ERR_CONNECTION_REFUSED @ http://localhost:5174/@vite/client:1034
[  252806ms] [ERROR] WebSocket connection to 'ws://localhost:5174/' failed: Error in connection establishment: net::ERR_CONNECTION_REFUSED @ http://localhost:5174/@vite/client:1034
[  253814ms] [ERROR] WebSocket connection to 'ws://localhost:5174/' failed: Error in connection establishment: net::ERR_CONNECTION_REFUSED @ http://localhost:5174/@vite/client:1034
[  254818ms] [ERROR] WebSocket connection to 'ws://localhost:5174/' failed: Error in connection establishment: net::ERR_CONNECTION_REFUSED @ http://localhost:5174/@vite/client:1034
[  255824ms] [ERROR] WebSocket connection to 'ws://localhost:5174/' failed: Error in connection establishment: net::ERR_CONNECTION_REFUSED @ http://localhost:5174/@vite/client:1034
[  256830ms] [ERROR] WebSocket connection to 'ws://localhost:5174/' failed: Error in connection establishment: net::ERR_CONNECTION_REFUSED @ http://localhost:5174/@vite/client:1034
[  257845ms] [ERROR] WebSocket connection to 'ws://localhost:5174/' failed: Error in connection establishment: net::ERR_CONNECTION_REFUSED @ http://localhost:5174/@vite/client:1034
[  258857ms] [ERROR] WebSocket connection to 'ws://localhost:5174/' failed: Error in connection establishment: net::ERR_CONNECTION_REFUSED @ http://localhost:5174/@vite/client:1034
[  259895ms] [ERROR] WebSocket connection to 'ws://localhost:5174/' failed: Error in connection establishment: net::ERR_CONNECTION_REFUSED @ http://localhost:5174/@vite/client:1034
[  260928ms] [ERROR] WebSocket connection to 'ws://localhost:5174/' failed: Error in connection establishment: net::ERR_CONNECTION_REFUSED @ http://localhost:5174/@vite/client:1034
[  261971ms] [ERROR] WebSocket connection to 'ws://localhost:5174/' failed: Error in connection establishment: net::ERR_CONNECTION_REFUSED @ http://localhost:5174/@vite/client:1034
[  263189ms] [ERROR] WebSocket connection to 'ws://localhost:5174/' failed: Error in connection establishment: net::ERR_CONNECTION_REFUSED @ http://localhost:5174/@vite/client:1034
[  263599ms] [ERROR] WebSocket connection to 'ws://localhost:5174/ws/user' failed: Error in connection establishment: net::ERR_CONNECTION_REFUSED @ http://localhost:5174/src/stores/inbox.ts:81
[  265198ms] [ERROR] WebSocket connection to 'ws://localhost:5174/' failed: Error in connection establishment: net::ERR_CONNECTION_REFUSED @ http://localhost:5174/@vite/client:1034
[  266791ms] [ERROR] WebSocket connection to 'ws://localhost:5174/' failed: Error in connection establishment: net::ERR_CONNECTION_REFUSED @ http://localhost:5174/@vite/client:1034
[  272200ms] [ERROR] WebSocket connection to 'ws://localhost:5174/' failed: Error in connection establishment: net::ERR_CONNECTION_REFUSED @ http://localhost:5174/@vite/client:1034
[  275510ms] [ERROR] WebSocket connection to 'ws://localhost:5174/' failed: Error in connection establishment: net::ERR_CONNECTION_REFUSED @ http://localhost:5174/@vite/client:1034
[  277570ms] [ERROR] WebSocket connection to 'ws://localhost:5174/' failed: Error in connection establishment: net::ERR_CONNECTION_REFUSED @ http://localhost:5174/@vite/client:1034
[  280607ms] [ERROR] WebSocket connection to 'ws://localhost:5174/' failed: Error in connection establishment: net::ERR_CONNECTION_REFUSED @ http://localhost:5174/@vite/client:1034
[  286343ms] [ERROR] WebSocket connection to 'ws://localhost:5174/' failed: Error in connection establishment: net::ERR_CONNECTION_REFUSED @ http://localhost:5174/@vite/client:1034
[  288891ms] [ERROR] WebSocket connection to 'ws://localhost:5174/' failed: Error in connection establishment: net::ERR_CONNECTION_REFUSED @ http://localhost:5174/@vite/client:1034
[  293711ms] [ERROR] WebSocket connection to 'ws://localhost:5174/' failed: Error in connection establishment: net::ERR_CONNECTION_REFUSED @ http://localhost:5174/@vite/client:1034
[  296837ms] [ERROR] WebSocket connection to 'ws://localhost:5174/ws/user' failed: Error in connection establishment: net::ERR_CONNECTION_REFUSED @ http://localhost:5174/src/stores/inbox.ts:81
[  297051ms] [ERROR] WebSocket connection to 'ws://localhost:5174/' failed: Error in connection establishment: net::ERR_CONNECTION_REFUSED @ http://localhost:5174/@vite/client:1034
[  300337ms] [ERROR] WebSocket connection to 'ws://localhost:5174/' failed: Error in connection establishment: net::ERR_CONNECTION_REFUSED @ http://localhost:5174/@vite/client:1034
[  303873ms] [ERROR] WebSocket connection to 'ws://localhost:5174/' failed: Error in connection establishment: net::ERR_CONNECTION_REFUSED @ http://localhost:5174/@vite/client:1034
[  304820ms] [ERROR] Failed to load resource: net::ERR_CONNECTION_REFUSED @ http://localhost:5174/api/v1/notifications/unread-counts:0
[  304820ms] [ERROR] 未处理 Promise 异常: AxiosError: Network Error
    at XMLHttpRequest.handleError (http://localhost:5174/node_modules/.vite/deps/axios.js?v=21d465be:2033:19)
    at Axios.request (http://localhost:5174/node_modules/.vite/deps/axios.js?v=21d465be:2930:41)
    at async request (http://localhost:5174/src/api/transport.ts:184:20)
    at async execute (http://localhost:5174/src/api/transport.ts:188:20)
    at async Proxy.fetchUnreadCounts (http://localhost:5174/src/stores/notification.ts:90:17)
    at async http://localhost:5174/src/stores/inbox.ts:35:7 @ http://localhost:5174/src/utils/logger.ts:10
[  304832ms] AxiosError: Network Error
    at XMLHttpRequest.handleError (http://localhost:5174/node_modules/.vite/deps/axios.js?v=21d465be:2033:19)
    at Axios.request (http://localhost:5174/node_modules/.vite/deps/axios.js?v=21d465be:2930:41)
    at async request (http://localhost:5174/src/api/transport.ts:184:20)
    at async execute (http://localhost:5174/src/api/transport.ts:188:20)
    at async Proxy.fetchUnreadCounts (http://localhost:5174/src/stores/notification.ts:90:17)
    at async http://localhost:5174/src/stores/inbox.ts:35:7
[  307339ms] [ERROR] WebSocket connection to 'ws://localhost:5174/' failed: Error in connection establishment: net::ERR_CONNECTION_REFUSED @ http://localhost:5174/@vite/client:1034
[  313232ms] [ERROR] WebSocket connection to 'ws://localhost:5174/' failed: Error in connection establishment: net::ERR_CONNECTION_REFUSED @ http://localhost:5174/@vite/client:1034
[  316470ms] [ERROR] WebSocket connection to 'ws://localhost:5174/' failed: Error in connection establishment: net::ERR_CONNECTION_REFUSED @ http://localhost:5174/@vite/client:1034
[  320856ms] [ERROR] WebSocket connection to 'ws://localhost:5174/' failed: Error in connection establishment: net::ERR_CONNECTION_REFUSED @ http://localhost:5174/@vite/client:1034
[  323290ms] [ERROR] WebSocket connection to 'ws://localhost:5174/' failed: Error in connection establishment: net::ERR_CONNECTION_REFUSED @ http://localhost:5174/@vite/client:1034
[  325420ms] [ERROR] WebSocket connection to 'ws://localhost:5174/' failed: Error in connection establishment: net::ERR_CONNECTION_REFUSED @ http://localhost:5174/@vite/client:1034
[  328327ms] [ERROR] WebSocket connection to 'ws://localhost:5174/ws/user' failed: Error in connection establishment: net::ERR_CONNECTION_REFUSED @ http://localhost:5174/src/stores/inbox.ts:81
[  329560ms] [ERROR] WebSocket connection to 'ws://localhost:5174/' failed: Error in connection establishment: net::ERR_CONNECTION_REFUSED @ http://localhost:5174/@vite/client:1034
[  333539ms] [ERROR] WebSocket connection to 'ws://localhost:5174/' failed: Error in connection establishment: net::ERR_CONNECTION_REFUSED @ http://localhost:5174/@vite/client:1034
[  336000ms] [ERROR] WebSocket connection to 'ws://localhost:5174/' failed: Error in connection establishment: net::ERR_CONNECTION_REFUSED @ http://localhost:5174/@vite/client:1034
[  341935ms] [ERROR] WebSocket connection to 'ws://localhost:5174/' failed: Error in connection establishment: net::ERR_CONNECTION_REFUSED @ http://localhost:5174/@vite/client:1034
[  345645ms] [ERROR] WebSocket connection to 'ws://localhost:5174/' failed: Error in connection establishment: net::ERR_CONNECTION_REFUSED @ http://localhost:5174/@vite/client:1034
[  348866ms] [ERROR] WebSocket connection to 'ws://localhost:5174/' failed: Error in connection establishment: net::ERR_CONNECTION_REFUSED @ http://localhost:5174/@vite/client:1034
[  352751ms] [ERROR] WebSocket connection to 'ws://localhost:5174/' failed: Error in connection establishment: net::ERR_CONNECTION_REFUSED @ http://localhost:5174/@vite/client:1034
[  356148ms] [ERROR] WebSocket connection to 'ws://localhost:5174/' failed: Error in connection establishment: net::ERR_CONNECTION_REFUSED @ http://localhost:5174/@vite/client:1034
[  360429ms] [ERROR] WebSocket connection to 'ws://localhost:5174/ws/user' failed: Error in connection establishment: net::ERR_CONNECTION_REFUSED @ http://localhost:5174/src/stores/inbox.ts:81
[  360480ms] [ERROR] WebSocket connection to 'ws://localhost:5174/' failed: Error in connection establishment: net::ERR_CONNECTION_REFUSED @ http://localhost:5174/@vite/client:1034
[  363872ms] [ERROR] WebSocket connection to 'ws://localhost:5174/' failed: Error in connection establishment: net::ERR_CONNECTION_REFUSED @ http://localhost:5174/@vite/client:1034
[  364826ms] [ERROR] Failed to load resource: net::ERR_CONNECTION_REFUSED @ http://localhost:5174/api/v1/notifications/unread-counts:0
[  364827ms] [ERROR] 未处理 Promise 异常: AxiosError: Network Error
    at XMLHttpRequest.handleError (http://localhost:5174/node_modules/.vite/deps/axios.js?v=21d465be:2033:19)
    at Axios.request (http://localhost:5174/node_modules/.vite/deps/axios.js?v=21d465be:2930:41)
    at async request (http://localhost:5174/src/api/transport.ts:184:20)
    at async execute (http://localhost:5174/src/api/transport.ts:188:20)
    at async Proxy.fetchUnreadCounts (http://localhost:5174/src/stores/notification.ts:90:17)
    at async http://localhost:5174/src/stores/inbox.ts:35:7 @ http://localhost:5174/src/utils/logger.ts:10
[  364829ms] AxiosError: Network Error
    at XMLHttpRequest.handleError (http://localhost:5174/node_modules/.vite/deps/axios.js?v=21d465be:2033:19)
    at Axios.request (http://localhost:5174/node_modules/.vite/deps/axios.js?v=21d465be:2930:41)
    at async request (http://localhost:5174/src/api/transport.ts:184:20)
    at async execute (http://localhost:5174/src/api/transport.ts:188:20)
    at async Proxy.fetchUnreadCounts (http://localhost:5174/src/stores/notification.ts:90:17)
    at async http://localhost:5174/src/stores/inbox.ts:35:7
[  369548ms] [ERROR] WebSocket connection to 'ws://localhost:5174/' failed: Error in connection establishment: net::ERR_CONNECTION_REFUSED @ http://localhost:5174/@vite/client:1034
[  375108ms] [ERROR] WebSocket connection to 'ws://localhost:5174/' failed: Error in connection establishment: net::ERR_CONNECTION_REFUSED @ http://localhost:5174/@vite/client:1034
[  379616ms] [ERROR] WebSocket connection to 'ws://localhost:5174/' failed: Error in connection establishment: net::ERR_CONNECTION_REFUSED @ http://localhost:5174/@vite/client:1034
[  384469ms] [ERROR] WebSocket connection to 'ws://localhost:5174/' failed: Error in connection establishment: net::ERR_CONNECTION_REFUSED @ http://localhost:5174/@vite/client:1034
[  386640ms] [ERROR] WebSocket connection to 'ws://localhost:5174/' failed: Error in connection establishment: net::ERR_CONNECTION_REFUSED @ http://localhost:5174/@vite/client:1034
[  388905ms] [ERROR] WebSocket connection to 'ws://localhost:5174/' failed: Error in connection establishment: net::ERR_CONNECTION_REFUSED @ http://localhost:5174/@vite/client:1034
[  392724ms] [ERROR] WebSocket connection to 'ws://localhost:5174/ws/user' failed: Error in connection establishment: net::ERR_CONNECTION_REFUSED @ http://localhost:5174/src/stores/inbox.ts:81
[  394821ms] [ERROR] WebSocket connection to 'ws://localhost:5174/' failed: Error in connection establishment: net::ERR_CONNECTION_REFUSED @ http://localhost:5174/@vite/client:1034
[  400608ms] [ERROR] WebSocket connection to 'ws://localhost:5174/' failed: Error in connection establishment: net::ERR_CONNECTION_REFUSED @ http://localhost:5174/@vite/client:1034
[  403533ms] [ERROR] WebSocket connection to 'ws://localhost:5174/' failed: Error in connection establishment: net::ERR_CONNECTION_REFUSED @ http://localhost:5174/@vite/client:1034
[  405920ms] [ERROR] WebSocket connection to 'ws://localhost:5174/' failed: Error in connection establishment: net::ERR_CONNECTION_REFUSED @ http://localhost:5174/@vite/client:1034
[  410354ms] [ERROR] WebSocket connection to 'ws://localhost:5174/' failed: Error in connection establishment: net::ERR_CONNECTION_REFUSED @ http://localhost:5174/@vite/client:1034
[  414746ms] [ERROR] WebSocket connection to 'ws://localhost:5174/' failed: Error in connection establishment: net::ERR_CONNECTION_REFUSED @ http://localhost:5174/@vite/client:1034
[  417053ms] [ERROR] WebSocket connection to 'ws://localhost:5174/' failed: Error in connection establishment: net::ERR_CONNECTION_REFUSED @ http://localhost:5174/@vite/client:1034
[  421999ms] [ERROR] WebSocket connection to 'ws://localhost:5174/' failed: Error in connection establishment: net::ERR_CONNECTION_REFUSED @ http://localhost:5174/@vite/client:1034
[  424596ms] [ERROR] WebSocket connection to 'ws://localhost:5174/' failed: Error in connection establishment: net::ERR_CONNECTION_REFUSED @ http://localhost:5174/@vite/client:1034
[  424816ms] [ERROR] Failed to load resource: net::ERR_CONNECTION_REFUSED @ http://localhost:5174/api/v1/notifications/unread-counts:0
[  424816ms] [ERROR] 未处理 Promise 异常: AxiosError: Network Error
    at XMLHttpRequest.handleError (http://localhost:5174/node_modules/.vite/deps/axios.js?v=21d465be:2033:19)
    at Axios.request (http://localhost:5174/node_modules/.vite/deps/axios.js?v=21d465be:2930:41)
    at async request (http://localhost:5174/src/api/transport.ts:184:20)
    at async execute (http://localhost:5174/src/api/transport.ts:188:20)
    at async Proxy.fetchUnreadCounts (http://localhost:5174/src/stores/notification.ts:90:17)
    at async http://localhost:5174/src/stores/inbox.ts:35:7 @ http://localhost:5174/src/utils/logger.ts:10
[  424819ms] AxiosError: Network Error
    at XMLHttpRequest.handleError (http://localhost:5174/node_modules/.vite/deps/axios.js?v=21d465be:2033:19)
    at Axios.request (http://localhost:5174/node_modules/.vite/deps/axios.js?v=21d465be:2930:41)
    at async request (http://localhost:5174/src/api/transport.ts:184:20)
    at async execute (http://localhost:5174/src/api/transport.ts:188:20)
    at async Proxy.fetchUnreadCounts (http://localhost:5174/src/stores/notification.ts:90:17)
    at async http://localhost:5174/src/stores/inbox.ts:35:7
[  426918ms] [ERROR] WebSocket connection to 'ws://localhost:5174/ws/user' failed: Error in connection establishment: net::ERR_CONNECTION_REFUSED @ http://localhost:5174/src/stores/inbox.ts:81
[  426976ms] [ERROR] WebSocket connection to 'ws://localhost:5174/' failed: Error in connection establishment: net::ERR_CONNECTION_REFUSED @ http://localhost:5174/@vite/client:1034
[  430964ms] [ERROR] WebSocket connection to 'ws://localhost:5174/' failed: Error in connection establishment: net::ERR_CONNECTION_REFUSED @ http://localhost:5174/@vite/client:1034
[  433636ms] [ERROR] WebSocket connection to 'ws://localhost:5174/' failed: Error in connection establishment: net::ERR_CONNECTION_REFUSED @ http://localhost:5174/@vite/client:1034
[  439298ms] [ERROR] WebSocket connection to 'ws://localhost:5174/' failed: Error in connection establishment: net::ERR_CONNECTION_REFUSED @ http://localhost:5174/@vite/client:1034
[  442246ms] [ERROR] WebSocket connection to 'ws://localhost:5174/' failed: Error in connection establishment: net::ERR_CONNECTION_REFUSED @ http://localhost:5174/@vite/client:1034
[  446469ms] [ERROR] WebSocket connection to 'ws://localhost:5174/' failed: Error in connection establishment: net::ERR_CONNECTION_REFUSED @ http://localhost:5174/@vite/client:1034
[  449998ms] [ERROR] WebSocket connection to 'ws://localhost:5174/' failed: Error in connection establishment: net::ERR_CONNECTION_REFUSED @ http://localhost:5174/@vite/client:1034
[  452980ms] [ERROR] WebSocket connection to 'ws://localhost:5174/' failed: Error in connection establishment: net::ERR_CONNECTION_REFUSED @ http://localhost:5174/@vite/client:1034
[  458184ms] [ERROR] WebSocket connection to 'ws://localhost:5174/' failed: Error in connection establishment: net::ERR_CONNECTION_REFUSED @ http://localhost:5174/@vite/client:1034
[  459700ms] [ERROR] WebSocket connection to 'ws://localhost:5174/ws/user' failed: Error in connection establishment: net::ERR_CONNECTION_REFUSED @ http://localhost:5174/src/stores/inbox.ts:81
[  461608ms] [ERROR] WebSocket connection to 'ws://localhost:5174/' failed: Error in connection establishment: net::ERR_CONNECTION_REFUSED @ http://localhost:5174/@vite/client:1034
[  464860ms] [ERROR] WebSocket connection to 'ws://localhost:5174/' failed: Error in connection establishment: net::ERR_CONNECTION_REFUSED @ http://localhost:5174/@vite/client:1034
[  467814ms] [ERROR] WebSocket connection to 'ws://localhost:5174/' failed: Error in connection establishment: net::ERR_CONNECTION_REFUSED @ http://localhost:5174/@vite/client:1034
[  472351ms] [ERROR] WebSocket connection to 'ws://localhost:5174/' failed: Error in connection establishment: net::ERR_CONNECTION_REFUSED @ http://localhost:5174/@vite/client:1034
[  475722ms] [ERROR] WebSocket connection to 'ws://localhost:5174/' failed: Error in connection establishment: net::ERR_CONNECTION_REFUSED @ http://localhost:5174/@vite/client:1034
[  477811ms] [ERROR] WebSocket connection to 'ws://localhost:5174/' failed: Error in connection establishment: net::ERR_CONNECTION_REFUSED @ http://localhost:5174/@vite/client:1034
[  481315ms] [ERROR] WebSocket connection to 'ws://localhost:5174/' failed: Error in connection establishment: net::ERR_CONNECTION_REFUSED @ http://localhost:5174/@vite/client:1034
[  483634ms] [ERROR] WebSocket connection to 'ws://localhost:5174/' failed: Error in connection establishment: net::ERR_CONNECTION_REFUSED @ http://localhost:5174/@vite/client:1034
[  484840ms] [ERROR] Failed to load resource: net::ERR_CONNECTION_REFUSED @ http://localhost:5174/api/v1/notifications/unread-counts:0
[  484844ms] [ERROR] 未处理 Promise 异常: AxiosError: Network Error
    at XMLHttpRequest.handleError (http://localhost:5174/node_modules/.vite/deps/axios.js?v=21d465be:2033:19)
    at Axios.request (http://localhost:5174/node_modules/.vite/deps/axios.js?v=21d465be:2930:41)
    at async request (http://localhost:5174/src/api/transport.ts:184:20)
    at async execute (http://localhost:5174/src/api/transport.ts:188:20)
    at async Proxy.fetchUnreadCounts (http://localhost:5174/src/stores/notification.ts:90:17)
    at async http://localhost:5174/src/stores/inbox.ts:35:7 @ http://localhost:5174/src/utils/logger.ts:10
[  484848ms] AxiosError: Network Error
    at XMLHttpRequest.handleError (http://localhost:5174/node_modules/.vite/deps/axios.js?v=21d465be:2033:19)
    at Axios.request (http://localhost:5174/node_modules/.vite/deps/axios.js?v=21d465be:2930:41)
    at async request (http://localhost:5174/src/api/transport.ts:184:20)
    at async execute (http://localhost:5174/src/api/transport.ts:188:20)
    at async Proxy.fetchUnreadCounts (http://localhost:5174/src/stores/notification.ts:90:17)
    at async http://localhost:5174/src/stores/inbox.ts:35:7
[  487773ms] [ERROR] WebSocket connection to 'ws://localhost:5174/' failed: Error in connection establishment: net::ERR_CONNECTION_REFUSED @ http://localhost:5174/@vite/client:1034
[  490795ms] [ERROR] WebSocket connection to 'ws://localhost:5174/' failed: Error in connection establishment: net::ERR_CONNECTION_REFUSED @ http://localhost:5174/@vite/client:1034
[  493636ms] [ERROR] WebSocket connection to 'ws://localhost:5174/ws/user' failed: Error in connection establishment: net::ERR_CONNECTION_REFUSED @ http://localhost:5174/src/stores/inbox.ts:81
[  496471ms] [ERROR] WebSocket connection to 'ws://localhost:5174/' failed: Error in connection establishment: net::ERR_CONNECTION_REFUSED @ http://localhost:5174/@vite/client:1034
[  501720ms] [ERROR] WebSocket connection to 'ws://localhost:5174/' failed: Error in connection establishment: net::ERR_CONNECTION_REFUSED @ http://localhost:5174/@vite/client:1034
[  507053ms] [ERROR] WebSocket connection to 'ws://localhost:5174/' failed: Error in connection establishment: net::ERR_CONNECTION_REFUSED @ http://localhost:5174/@vite/client:1034
[  509782ms] [ERROR] WebSocket connection to 'ws://localhost:5174/' failed: Error in connection establishment: net::ERR_CONNECTION_REFUSED @ http://localhost:5174/@vite/client:1034
[  512448ms] [ERROR] WebSocket connection to 'ws://localhost:5174/' failed: Error in connection establishment: net::ERR_CONNECTION_REFUSED @ http://localhost:5174/@vite/client:1034
[  516285ms] [ERROR] WebSocket connection to 'ws://localhost:5174/' failed: Error in connection establishment: net::ERR_CONNECTION_REFUSED @ http://localhost:5174/@vite/client:1034
[  521460ms] [ERROR] WebSocket connection to 'ws://localhost:5174/' failed: Error in connection establishment: net::ERR_CONNECTION_REFUSED @ http://localhost:5174/@vite/client:1034
[  523686ms] [ERROR] WebSocket connection to 'ws://localhost:5174/' failed: Error in connection establishment: net::ERR_CONNECTION_REFUSED @ http://localhost:5174/@vite/client:1034
[  527260ms] [ERROR] WebSocket connection to 'ws://localhost:5174/' failed: Error in connection establishment: net::ERR_CONNECTION_REFUSED @ http://localhost:5174/@vite/client:1034
[  528571ms] [ERROR] WebSocket connection to 'ws://localhost:5174/ws/user' failed: Error in connection establishment: net::ERR_CONNECTION_REFUSED @ http://localhost:5174/src/stores/inbox.ts:81
[  532033ms] [ERROR] WebSocket connection to 'ws://localhost:5174/' failed: Error in connection establishment: net::ERR_CONNECTION_REFUSED @ http://localhost:5174/@vite/client:1034
[  536305ms] [ERROR] WebSocket connection to 'ws://localhost:5174/' failed: Error in connection establishment: net::ERR_CONNECTION_REFUSED @ http://localhost:5174/@vite/client:1034
[  539590ms] [ERROR] WebSocket connection to 'ws://localhost:5174/' failed: Error in connection establishment: net::ERR_CONNECTION_REFUSED @ http://localhost:5174/@vite/client:1034
[  544784ms] [ERROR] WebSocket connection to 'ws://localhost:5174/' failed: Error in connection establishment: net::ERR_CONNECTION_REFUSED @ http://localhost:5174/@vite/client:1034
[  544839ms] [ERROR] Failed to load resource: net::ERR_CONNECTION_REFUSED @ http://localhost:5174/api/v1/notifications/unread-counts:0
[  544840ms] [ERROR] 未处理 Promise 异常: AxiosError: Network Error
    at XMLHttpRequest.handleError (http://localhost:5174/node_modules/.vite/deps/axios.js?v=21d465be:2033:19)
    at Axios.request (http://localhost:5174/node_modules/.vite/deps/axios.js?v=21d465be:2930:41)
    at async request (http://localhost:5174/src/api/transport.ts:184:20)
    at async execute (http://localhost:5174/src/api/transport.ts:188:20)
    at async Proxy.fetchUnreadCounts (http://localhost:5174/src/stores/notification.ts:90:17)
    at async http://localhost:5174/src/stores/inbox.ts:35:7 @ http://localhost:5174/src/utils/logger.ts:10
[  544843ms] AxiosError: Network Error
    at XMLHttpRequest.handleError (http://localhost:5174/node_modules/.vite/deps/axios.js?v=21d465be:2033:19)
    at Axios.request (http://localhost:5174/node_modules/.vite/deps/axios.js?v=21d465be:2930:41)
    at async request (http://localhost:5174/src/api/transport.ts:184:20)
    at async execute (http://localhost:5174/src/api/transport.ts:188:20)
    at async Proxy.fetchUnreadCounts (http://localhost:5174/src/stores/notification.ts:90:17)
    at async http://localhost:5174/src/stores/inbox.ts:35:7
[  549916ms] [ERROR] WebSocket connection to 'ws://localhost:5174/' failed: Error in connection establishment: net::ERR_CONNECTION_REFUSED @ http://localhost:5174/@vite/client:1034
[  555881ms] [ERROR] WebSocket connection to 'ws://localhost:5174/' failed: Error in connection establishment: net::ERR_CONNECTION_REFUSED @ http://localhost:5174/@vite/client:1034
[  561215ms] [ERROR] WebSocket connection to 'ws://localhost:5174/' failed: Error in connection establishment: net::ERR_CONNECTION_REFUSED @ http://localhost:5174/@vite/client:1034
[  562096ms] [ERROR] WebSocket connection to 'ws://localhost:5174/ws/user' failed: Error in connection establishment: net::ERR_CONNECTION_REFUSED @ http://localhost:5174/src/stores/inbox.ts:81
[  564477ms] [ERROR] WebSocket connection to 'ws://localhost:5174/' failed: Error in connection establishment: net::ERR_CONNECTION_REFUSED @ http://localhost:5174/@vite/client:1034
[  567199ms] [ERROR] WebSocket connection to 'ws://localhost:5174/' failed: Error in connection establishment: net::ERR_CONNECTION_REFUSED @ http://localhost:5174/@vite/client:1034
[  569566ms] [ERROR] WebSocket connection to 'ws://localhost:5174/' failed: Error in connection establishment: net::ERR_CONNECTION_REFUSED @ http://localhost:5174/@vite/client:1034
[  574432ms] [ERROR] WebSocket connection to 'ws://localhost:5174/' failed: Error in connection establishment: net::ERR_CONNECTION_REFUSED @ http://localhost:5174/@vite/client:1034
[  577152ms] [ERROR] WebSocket connection to 'ws://localhost:5174/' failed: Error in connection establishment: net::ERR_CONNECTION_REFUSED @ http://localhost:5174/@vite/client:1034
[  580526ms] [ERROR] WebSocket connection to 'ws://localhost:5174/' failed: Error in connection establishment: net::ERR_CONNECTION_REFUSED @ http://localhost:5174/@vite/client:1034
[  584514ms] [ERROR] WebSocket connection to 'ws://localhost:5174/' failed: Error in connection establishment: net::ERR_CONNECTION_REFUSED @ http://localhost:5174/@vite/client:1034
[  588816ms] [ERROR] WebSocket connection to 'ws://localhost:5174/' failed: Error in connection establishment: net::ERR_CONNECTION_REFUSED @ http://localhost:5174/@vite/client:1034
[  592692ms] [ERROR] WebSocket connection to 'ws://localhost:5174/' failed: Error in connection establishment: net::ERR_CONNECTION_REFUSED @ http://localhost:5174/@vite/client:1034
[  596030ms] [ERROR] WebSocket connection to 'ws://localhost:5174/ws/user' failed: Error in connection establishment: net::ERR_CONNECTION_REFUSED @ http://localhost:5174/src/stores/inbox.ts:81
[  597654ms] [ERROR] WebSocket connection to 'ws://localhost:5174/' failed: Error in connection establishment: net::ERR_CONNECTION_REFUSED @ http://localhost:5174/@vite/client:1034
[  603152ms] [ERROR] WebSocket connection to 'ws://localhost:5174/' failed: Error in connection establishment: net::ERR_CONNECTION_REFUSED @ http://localhost:5174/@vite/client:1034
[  604819ms] [ERROR] Failed to load resource: net::ERR_CONNECTION_REFUSED @ http://localhost:5174/api/v1/notifications/unread-counts:0
[  604819ms] [ERROR] 未处理 Promise 异常: AxiosError: Network Error
    at XMLHttpRequest.handleError (http://localhost:5174/node_modules/.vite/deps/axios.js?v=21d465be:2033:19)
    at Axios.request (http://localhost:5174/node_modules/.vite/deps/axios.js?v=21d465be:2930:41)
    at async request (http://localhost:5174/src/api/transport.ts:184:20)
    at async execute (http://localhost:5174/src/api/transport.ts:188:20)
    at async Proxy.fetchUnreadCounts (http://localhost:5174/src/stores/notification.ts:90:17)
    at async http://localhost:5174/src/stores/inbox.ts:35:7 @ http://localhost:5174/src/utils/logger.ts:10
[  604823ms] AxiosError: Network Error
    at XMLHttpRequest.handleError (http://localhost:5174/node_modules/.vite/deps/axios.js?v=21d465be:2033:19)
    at Axios.request (http://localhost:5174/node_modules/.vite/deps/axios.js?v=21d465be:2930:41)
    at async request (http://localhost:5174/src/api/transport.ts:184:20)
    at async execute (http://localhost:5174/src/api/transport.ts:188:20)
    at async Proxy.fetchUnreadCounts (http://localhost:5174/src/stores/notification.ts:90:17)
    at async http://localhost:5174/src/stores/inbox.ts:35:7
[  606436ms] [ERROR] WebSocket connection to 'ws://localhost:5174/' failed: Error in connection establishment: net::ERR_CONNECTION_REFUSED @ http://localhost:5174/@vite/client:1034
[  609343ms] [ERROR] WebSocket connection to 'ws://localhost:5174/' failed: Error in connection establishment: net::ERR_CONNECTION_REFUSED @ http://localhost:5174/@vite/client:1034
[  612725ms] [ERROR] WebSocket connection to 'ws://localhost:5174/' failed: Error in connection establishment: net::ERR_CONNECTION_REFUSED @ http://localhost:5174/@vite/client:1034
[  617676ms] [ERROR] WebSocket connection to 'ws://localhost:5174/' failed: Error in connection establishment: net::ERR_CONNECTION_REFUSED @ http://localhost:5174/@vite/client:1034
[  622665ms] [ERROR] WebSocket connection to 'ws://localhost:5174/' failed: Error in connection establishment: net::ERR_CONNECTION_REFUSED @ http://localhost:5174/@vite/client:1034
[  626353ms] [ERROR] WebSocket connection to 'ws://localhost:5174/' failed: Error in connection establishment: net::ERR_CONNECTION_REFUSED @ http://localhost:5174/@vite/client:1034
[  628566ms] [ERROR] WebSocket connection to 'ws://localhost:5174/ws/user' failed: Error in connection establishment: net::ERR_CONNECTION_REFUSED @ http://localhost:5174/src/stores/inbox.ts:81
[  631312ms] [ERROR] WebSocket connection to 'ws://localhost:5174/' failed: Error in connection establishment: net::ERR_CONNECTION_REFUSED @ http://localhost:5174/@vite/client:1034
[  635645ms] [ERROR] WebSocket connection to 'ws://localhost:5174/' failed: Error in connection establishment: net::ERR_CONNECTION_REFUSED @ http://localhost:5174/@vite/client:1034
[  639208ms] [ERROR] WebSocket connection to 'ws://localhost:5174/' failed: Error in connection establishment: net::ERR_CONNECTION_REFUSED @ http://localhost:5174/@vite/client:1034
[  643998ms] [ERROR] WebSocket connection to 'ws://localhost:5174/' failed: Error in connection establishment: net::ERR_CONNECTION_REFUSED @ http://localhost:5174/@vite/client:1034
[  648135ms] [ERROR] WebSocket connection to 'ws://localhost:5174/' failed: Error in connection establishment: net::ERR_CONNECTION_REFUSED @ http://localhost:5174/@vite/client:1034
[  651520ms] [ERROR] WebSocket connection to 'ws://localhost:5174/' failed: Error in connection establishment: net::ERR_CONNECTION_REFUSED @ http://localhost:5174/@vite/client:1034
[  654926ms] [ERROR] WebSocket connection to 'ws://localhost:5174/' failed: Error in connection establishment: net::ERR_CONNECTION_REFUSED @ http://localhost:5174/@vite/client:1034
[  659347ms] [ERROR] WebSocket connection to 'ws://localhost:5174/' failed: Error in connection establishment: net::ERR_CONNECTION_REFUSED @ http://localhost:5174/@vite/client:1034
[  659986ms] [ERROR] WebSocket connection to 'ws://localhost:5174/ws/user' failed: Error in connection establishment: net::ERR_CONNECTION_REFUSED @ http://localhost:5174/src/stores/inbox.ts:81
[  661424ms] [ERROR] WebSocket connection to 'ws://localhost:5174/' failed: Error in connection establishment: net::ERR_CONNECTION_REFUSED @ http://localhost:5174/@vite/client:1034
[  663815ms] [ERROR] WebSocket connection to 'ws://localhost:5174/' failed: Error in connection establishment: net::ERR_CONNECTION_REFUSED @ http://localhost:5174/@vite/client:1034
[  664868ms] [ERROR] Failed to load resource: net::ERR_CONNECTION_REFUSED @ http://localhost:5174/api/v1/notifications/unread-counts:0
[  664868ms] [ERROR] 未处理 Promise 异常: AxiosError: Network Error
    at XMLHttpRequest.handleError (http://localhost:5174/node_modules/.vite/deps/axios.js?v=21d465be:2033:19)
    at Axios.request (http://localhost:5174/node_modules/.vite/deps/axios.js?v=21d465be:2930:41)
    at async request (http://localhost:5174/src/api/transport.ts:184:20)
    at async execute (http://localhost:5174/src/api/transport.ts:188:20)
    at async Proxy.fetchUnreadCounts (http://localhost:5174/src/stores/notification.ts:90:17)
    at async http://localhost:5174/src/stores/inbox.ts:35:7 @ http://localhost:5174/src/utils/logger.ts:10
[  664876ms] AxiosError: Network Error
    at XMLHttpRequest.handleError (http://localhost:5174/node_modules/.vite/deps/axios.js?v=21d465be:2033:19)
    at Axios.request (http://localhost:5174/node_modules/.vite/deps/axios.js?v=21d465be:2930:41)
    at async request (http://localhost:5174/src/api/transport.ts:184:20)
    at async execute (http://localhost:5174/src/api/transport.ts:188:20)
    at async Proxy.fetchUnreadCounts (http://localhost:5174/src/stores/notification.ts:90:17)
    at async http://localhost:5174/src/stores/inbox.ts:35:7
[  668792ms] [ERROR] WebSocket connection to 'ws://localhost:5174/' failed: Error in connection establishment: net::ERR_CONNECTION_REFUSED @ http://localhost:5174/@vite/client:1034
[  672665ms] [ERROR] WebSocket connection to 'ws://localhost:5174/' failed: Error in connection establishment: net::ERR_CONNECTION_REFUSED @ http://localhost:5174/@vite/client:1034
[  675279ms] [ERROR] WebSocket connection to 'ws://localhost:5174/' failed: Error in connection establishment: net::ERR_CONNECTION_REFUSED @ http://localhost:5174/@vite/client:1034
[  678485ms] [ERROR] WebSocket connection to 'ws://localhost:5174/' failed: Error in connection establishment: net::ERR_CONNECTION_REFUSED @ http://localhost:5174/@vite/client:1034
[  683047ms] [ERROR] WebSocket connection to 'ws://localhost:5174/' failed: Error in connection establishment: net::ERR_CONNECTION_REFUSED @ http://localhost:5174/@vite/client:1034
[  686812ms] [ERROR] WebSocket connection to 'ws://localhost:5174/' failed: Error in connection establishment: net::ERR_CONNECTION_REFUSED @ http://localhost:5174/@vite/client:1034
[  691816ms] [ERROR] WebSocket connection to 'ws://localhost:5174/ws/user' failed: Error in connection establishment: net::ERR_CONNECTION_REFUSED @ http://localhost:5174/src/stores/inbox.ts:81
[  692807ms] [ERROR] WebSocket connection to 'ws://localhost:5174/' failed: Error in connection establishment: net::ERR_CONNECTION_REFUSED @ http://localhost:5174/@vite/client:1034
[  695701ms] [ERROR] WebSocket connection to 'ws://localhost:5174/' failed: Error in connection establishment: net::ERR_CONNECTION_REFUSED @ http://localhost:5174/@vite/client:1034
[  700969ms] [ERROR] WebSocket connection to 'ws://localhost:5174/' failed: Error in connection establishment: net::ERR_CONNECTION_REFUSED @ http://localhost:5174/@vite/client:1034
[  706595ms] [ERROR] WebSocket connection to 'ws://localhost:5174/' failed: Error in connection establishment: net::ERR_CONNECTION_REFUSED @ http://localhost:5174/@vite/client:1034
[  708697ms] [ERROR] WebSocket connection to 'ws://localhost:5174/' failed: Error in connection establishment: net::ERR_CONNECTION_REFUSED @ http://localhost:5174/@vite/client:1034
[  711970ms] [ERROR] WebSocket connection to 'ws://localhost:5174/' failed: Error in connection establishment: net::ERR_CONNECTION_REFUSED @ http://localhost:5174/@vite/client:1034
[  717169ms] [ERROR] WebSocket connection to 'ws://localhost:5174/' failed: Error in connection establishment: net::ERR_CONNECTION_REFUSED @ http://localhost:5174/@vite/client:1034
[  723155ms] [ERROR] WebSocket connection to 'ws://localhost:5174/' failed: Error in connection establishment: net::ERR_CONNECTION_REFUSED @ http://localhost:5174/@vite/client:1034
[  724842ms] [ERROR] Failed to load resource: net::ERR_CONNECTION_REFUSED @ http://localhost:5174/api/v1/notifications/unread-counts:0
[  724842ms] [ERROR] 未处理 Promise 异常: AxiosError: Network Error
    at XMLHttpRequest.handleError (http://localhost:5174/node_modules/.vite/deps/axios.js?v=21d465be:2033:19)
    at Axios.request (http://localhost:5174/node_modules/.vite/deps/axios.js?v=21d465be:2930:41)
    at async request (http://localhost:5174/src/api/transport.ts:184:20)
    at async execute (http://localhost:5174/src/api/transport.ts:188:20)
    at async Proxy.fetchUnreadCounts (http://localhost:5174/src/stores/notification.ts:90:17)
    at async http://localhost:5174/src/stores/inbox.ts:35:7 @ http://localhost:5174/src/utils/logger.ts:10
[  724847ms] AxiosError: Network Error
    at XMLHttpRequest.handleError (http://localhost:5174/node_modules/.vite/deps/axios.js?v=21d465be:2033:19)
    at Axios.request (http://localhost:5174/node_modules/.vite/deps/axios.js?v=21d465be:2930:41)
    at async request (http://localhost:5174/src/api/transport.ts:184:20)
    at async execute (http://localhost:5174/src/api/transport.ts:188:20)
    at async Proxy.fetchUnreadCounts (http://localhost:5174/src/stores/notification.ts:90:17)
    at async http://localhost:5174/src/stores/inbox.ts:35:7
[  724998ms] [ERROR] WebSocket connection to 'ws://localhost:5174/ws/user' failed: Error in connection establishment: net::ERR_CONNECTION_REFUSED @ http://localhost:5174/src/stores/inbox.ts:81
[  726913ms] [ERROR] WebSocket connection to 'ws://localhost:5174/' failed: Error in connection establishment: net::ERR_CONNECTION_REFUSED @ http://localhost:5174/@vite/client:1034
[  732789ms] [ERROR] WebSocket connection to 'ws://localhost:5174/' failed: Error in connection establishment: net::ERR_CONNECTION_REFUSED @ http://localhost:5174/@vite/client:1034
[  737245ms] [ERROR] WebSocket connection to 'ws://localhost:5174/' failed: Error in connection establishment: net::ERR_CONNECTION_REFUSED @ http://localhost:5174/@vite/client:1034
[  742680ms] [ERROR] WebSocket connection to 'ws://localhost:5174/' failed: Error in connection establishment: net::ERR_CONNECTION_REFUSED @ http://localhost:5174/@vite/client:1034
[  748028ms] [ERROR] WebSocket connection to 'ws://localhost:5174/' failed: Error in connection establishment: net::ERR_CONNECTION_REFUSED @ http://localhost:5174/@vite/client:1034
[  753608ms] [ERROR] WebSocket connection to 'ws://localhost:5174/' failed: Error in connection establishment: net::ERR_CONNECTION_REFUSED @ http://localhost:5174/@vite/client:1034
[  757109ms] [ERROR] WebSocket connection to 'ws://localhost:5174/ws/user' failed: Error in connection establishment: net::ERR_CONNECTION_REFUSED @ http://localhost:5174/src/stores/inbox.ts:81
[  757930ms] [ERROR] WebSocket connection to 'ws://localhost:5174/' failed: Error in connection establishment: net::ERR_CONNECTION_REFUSED @ http://localhost:5174/@vite/client:1034
[  761313ms] [ERROR] WebSocket connection to 'ws://localhost:5174/' failed: Error in connection establishment: net::ERR_CONNECTION_REFUSED @ http://localhost:5174/@vite/client:1034
[  765841ms] [ERROR] WebSocket connection to 'ws://localhost:5174/' failed: Error in connection establishment: net::ERR_CONNECTION_REFUSED @ http://localhost:5174/@vite/client:1034
[  767970ms] [ERROR] WebSocket connection to 'ws://localhost:5174/' failed: Error in connection establishment: net::ERR_CONNECTION_REFUSED @ http://localhost:5174/@vite/client:1034
[  772921ms] [ERROR] WebSocket connection to 'ws://localhost:5174/' failed: Error in connection establishment: net::ERR_CONNECTION_REFUSED @ http://localhost:5174/@vite/client:1034
[  775771ms] [ERROR] WebSocket connection to 'ws://localhost:5174/' failed: Error in connection establishment: net::ERR_CONNECTION_REFUSED @ http://localhost:5174/@vite/client:1034
[  777880ms] [ERROR] WebSocket connection to 'ws://localhost:5174/' failed: Error in connection establishment: net::ERR_CONNECTION_REFUSED @ http://localhost:5174/@vite/client:1034
[  782634ms] [ERROR] WebSocket connection to 'ws://localhost:5174/' failed: Error in connection establishment: net::ERR_CONNECTION_REFUSED @ http://localhost:5174/@vite/client:1034
[  784838ms] [ERROR] Failed to load resource: net::ERR_CONNECTION_REFUSED @ http://localhost:5174/api/v1/notifications/unread-counts:0
[  784839ms] [ERROR] 未处理 Promise 异常: AxiosError: Network Error
    at XMLHttpRequest.handleError (http://localhost:5174/node_modules/.vite/deps/axios.js?v=21d465be:2033:19)
    at Axios.request (http://localhost:5174/node_modules/.vite/deps/axios.js?v=21d465be:2930:41)
    at async request (http://localhost:5174/src/api/transport.ts:184:20)
    at async execute (http://localhost:5174/src/api/transport.ts:188:20)
    at async Proxy.fetchUnreadCounts (http://localhost:5174/src/stores/notification.ts:90:17)
    at async http://localhost:5174/src/stores/inbox.ts:35:7 @ http://localhost:5174/src/utils/logger.ts:10
[  784841ms] AxiosError: Network Error
    at XMLHttpRequest.handleError (http://localhost:5174/node_modules/.vite/deps/axios.js?v=21d465be:2033:19)
    at Axios.request (http://localhost:5174/node_modules/.vite/deps/axios.js?v=21d465be:2930:41)
    at async request (http://localhost:5174/src/api/transport.ts:184:20)
    at async execute (http://localhost:5174/src/api/transport.ts:188:20)
    at async Proxy.fetchUnreadCounts (http://localhost:5174/src/stores/notification.ts:90:17)
    at async http://localhost:5174/src/stores/inbox.ts:35:7
[  784946ms] [ERROR] WebSocket connection to 'ws://localhost:5174/' failed: Error in connection establishment: net::ERR_CONNECTION_REFUSED @ http://localhost:5174/@vite/client:1034
[  787555ms] [ERROR] WebSocket connection to 'ws://localhost:5174/' failed: Error in connection establishment: net::ERR_CONNECTION_REFUSED @ http://localhost:5174/@vite/client:1034
[  789521ms] [ERROR] WebSocket connection to 'ws://localhost:5174/ws/user' failed: Error in connection establishment: net::ERR_CONNECTION_REFUSED @ http://localhost:5174/src/stores/inbox.ts:81
[  793093ms] [ERROR] WebSocket connection to 'ws://localhost:5174/' failed: Error in connection establishment: net::ERR_CONNECTION_REFUSED @ http://localhost:5174/@vite/client:1034
[  797825ms] [ERROR] WebSocket connection to 'ws://localhost:5174/' failed: Error in connection establishment: net::ERR_CONNECTION_REFUSED @ http://localhost:5174/@vite/client:1034
[  800350ms] [ERROR] WebSocket connection to 'ws://localhost:5174/' failed: Error in connection establishment: net::ERR_CONNECTION_REFUSED @ http://localhost:5174/@vite/client:1034
[  803238ms] [ERROR] WebSocket connection to 'ws://localhost:5174/' failed: Error in connection establishment: net::ERR_CONNECTION_REFUSED @ http://localhost:5174/@vite/client:1034
[  806557ms] [ERROR] WebSocket connection to 'ws://localhost:5174/' failed: Error in connection establishment: net::ERR_CONNECTION_REFUSED @ http://localhost:5174/@vite/client:1034
[  810135ms] [ERROR] WebSocket connection to 'ws://localhost:5174/' failed: Error in connection establishment: net::ERR_CONNECTION_REFUSED @ http://localhost:5174/@vite/client:1034
[  813030ms] [ERROR] WebSocket connection to 'ws://localhost:5174/' failed: Error in connection establishment: net::ERR_CONNECTION_REFUSED @ http://localhost:5174/@vite/client:1034
[  818792ms] [ERROR] WebSocket connection to 'ws://localhost:5174/' failed: Error in connection establishment: net::ERR_CONNECTION_REFUSED @ http://localhost:5174/@vite/client:1034
[  823384ms] [ERROR] WebSocket connection to 'ws://localhost:5174/' failed: Error in connection establishment: net::ERR_CONNECTION_REFUSED @ http://localhost:5174/@vite/client:1034
[  823486ms] [ERROR] WebSocket connection to 'ws://localhost:5174/ws/user' failed: Error in connection establishment: net::ERR_CONNECTION_REFUSED @ http://localhost:5174/src/stores/inbox.ts:81
[  828448ms] [ERROR] WebSocket connection to 'ws://localhost:5174/' failed: Error in connection establishment: net::ERR_CONNECTION_REFUSED @ http://localhost:5174/@vite/client:1034
[  833959ms] [ERROR] WebSocket connection to 'ws://localhost:5174/' failed: Error in connection establishment: net::ERR_CONNECTION_REFUSED @ http://localhost:5174/@vite/client:1034
[  836818ms] [ERROR] WebSocket connection to 'ws://localhost:5174/' failed: Error in connection establishment: net::ERR_CONNECTION_REFUSED @ http://localhost:5174/@vite/client:1034
[  839284ms] [ERROR] WebSocket connection to 'ws://localhost:5174/' failed: Error in connection establishment: net::ERR_CONNECTION_REFUSED @ http://localhost:5174/@vite/client:1034
[  841372ms] [ERROR] WebSocket connection to 'ws://localhost:5174/' failed: Error in connection establishment: net::ERR_CONNECTION_REFUSED @ http://localhost:5174/@vite/client:1034
[  844221ms] [ERROR] WebSocket connection to 'ws://localhost:5174/' failed: Error in connection establishment: net::ERR_CONNECTION_REFUSED @ http://localhost:5174/@vite/client:1034
[  844824ms] [ERROR] Failed to load resource: net::ERR_CONNECTION_REFUSED @ http://localhost:5174/api/v1/notifications/unread-counts:0
[  844825ms] [ERROR] 未处理 Promise 异常: AxiosError: Network Error
    at XMLHttpRequest.handleError (http://localhost:5174/node_modules/.vite/deps/axios.js?v=21d465be:2033:19)
    at Axios.request (http://localhost:5174/node_modules/.vite/deps/axios.js?v=21d465be:2930:41)
    at async request (http://localhost:5174/src/api/transport.ts:184:20)
    at async execute (http://localhost:5174/src/api/transport.ts:188:20)
    at async Proxy.fetchUnreadCounts (http://localhost:5174/src/stores/notification.ts:90:17)
    at async http://localhost:5174/src/stores/inbox.ts:35:7 @ http://localhost:5174/src/utils/logger.ts:10
[  844827ms] AxiosError: Network Error
    at XMLHttpRequest.handleError (http://localhost:5174/node_modules/.vite/deps/axios.js?v=21d465be:2033:19)
    at Axios.request (http://localhost:5174/node_modules/.vite/deps/axios.js?v=21d465be:2930:41)
    at async request (http://localhost:5174/src/api/transport.ts:184:20)
    at async execute (http://localhost:5174/src/api/transport.ts:188:20)
    at async Proxy.fetchUnreadCounts (http://localhost:5174/src/stores/notification.ts:90:17)
    at async http://localhost:5174/src/stores/inbox.ts:35:7
[  847230ms] [ERROR] WebSocket connection to 'ws://localhost:5174/' failed: Error in connection establishment: net::ERR_CONNECTION_REFUSED @ http://localhost:5174/@vite/client:1034
[  853102ms] [ERROR] WebSocket connection to 'ws://localhost:5174/' failed: Error in connection establishment: net::ERR_CONNECTION_REFUSED @ http://localhost:5174/@vite/client:1034
[  855150ms] [ERROR] WebSocket connection to 'ws://localhost:5174/' failed: Error in connection establishment: net::ERR_CONNECTION_REFUSED @ http://localhost:5174/@vite/client:1034
[  858012ms] [ERROR] WebSocket connection to 'ws://localhost:5174/ws/user' failed: Error in connection establishment: net::ERR_CONNECTION_REFUSED @ http://localhost:5174/src/stores/inbox.ts:81
[  858760ms] [ERROR] WebSocket connection to 'ws://localhost:5174/' failed: Error in connection establishment: net::ERR_CONNECTION_REFUSED @ http://localhost:5174/@vite/client:1034
[  864524ms] [ERROR] WebSocket connection to 'ws://localhost:5174/' failed: Error in connection establishment: net::ERR_CONNECTION_REFUSED @ http://localhost:5174/@vite/client:1034
[  867664ms] [ERROR] WebSocket connection to 'ws://localhost:5174/' failed: Error in connection establishment: net::ERR_CONNECTION_REFUSED @ http://localhost:5174/@vite/client:1034
[  871414ms] [ERROR] WebSocket connection to 'ws://localhost:5174/' failed: Error in connection establishment: net::ERR_CONNECTION_REFUSED @ http://localhost:5174/@vite/client:1034
[  875756ms] [ERROR] WebSocket connection to 'ws://localhost:5174/' failed: Error in connection establishment: net::ERR_CONNECTION_REFUSED @ http://localhost:5174/@vite/client:1034
[  881014ms] [ERROR] WebSocket connection to 'ws://localhost:5174/' failed: Error in connection establishment: net::ERR_CONNECTION_REFUSED @ http://localhost:5174/@vite/client:1034
[  884804ms] [ERROR] WebSocket connection to 'ws://localhost:5174/' failed: Error in connection establishment: net::ERR_CONNECTION_REFUSED @ http://localhost:5174/@vite/client:1034
[  889595ms] [ERROR] WebSocket connection to 'ws://localhost:5174/' failed: Error in connection establishment: net::ERR_CONNECTION_REFUSED @ http://localhost:5174/@vite/client:1034
[  890306ms] [ERROR] WebSocket connection to 'ws://localhost:5174/ws/user' failed: Error in connection establishment: net::ERR_CONNECTION_REFUSED @ http://localhost:5174/src/stores/inbox.ts:81
[  892600ms] [ERROR] WebSocket connection to 'ws://localhost:5174/' failed: Error in connection establishment: net::ERR_CONNECTION_REFUSED @ http://localhost:5174/@vite/client:1034
