[    5690ms] [ERROR] Failed to load resource: the server responded with a status of 401 (Unauthorized) @ http://localhost:5173/api/v1/music/playlists:0
[    5709ms] [ERROR] Failed to load resource: the server responded with a status of 401 (Unauthorized) @ http://localhost:5173/api/v1/music/bookmarks/playlists:0
[    5711ms] [ERROR] Failed to load resource: the server responded with a status of 401 (Unauthorized) @ http://localhost:5173/api/v1/music/bookmarks/albums:0
[    5719ms] [ERROR] Failed to fetch album bookmarks:: ApiErrorResponseError: Login required
    at unwrapResponseEnvelope (http://localhost:5173/src/api/client.ts:40:11)
    at async fetchAlbumBookmarks (http://localhost:5173/src/views/music/ExploreView.vue:51:26)
    at async Promise.all (index 1)
    at async fetchAlbumIndex (http://localhost:5173/src/views/music/ExploreView.vue:199:28) @ http://localhost:5173/src/utils/logger.ts:10
[   17218ms] [WARNING] [Vue warn]: Invalid prop: type check failed for prop "count". Expected String | Number, got Undefined  
  at <PDiscussionFAB key=0 onClick=fn count=undefined > 
  at <BaseTransition appear=false persisted=false mode=undefined  ... > 
  at <Transition name="slide-right" > 
  at <PSheet show=true title="专辑详情" show-title=false  ... > 
  at <AlbumDrawer key=1 layer= {key: album:019fa2ca-a4b3-7288-82c2-7b2384c40b80, kind: album, title: 专辑详情, route: /music/album/019fa2ca-a4b3-7288-82c2-7b2384c40b80, payload: Object} layer-index=0  ... > 
  at <MusicSheetStack> 
  at <MusicLayout onVnodeUnmounted=fn<onVnodeUnmounted> ref=Ref< Proxy(Object) > > 
  at <RouterView> 
  at <ConfigProvider theme-overrides= {common: Object} > 
  at <App> @ http://localhost:5173/node_modules/.vite/deps/chunk-2FDUVFJ5.js?v=5a3fb38e:1512
[   17274ms] [ERROR] Failed to load resource: the server responded with a status of 401 (Unauthorized) @ http://localhost:5173/api/v1/music/bookmarks/playlists:0
[   17277ms] [ERROR] Failed to load resource: the server responded with a status of 401 (Unauthorized) @ http://localhost:5173/api/v1/music/playlists:0
[   17281ms] [ERROR] Failed to load resource: the server responded with a status of 401 (Unauthorized) @ http://localhost:5173/api/v1/music/bookmarks/albums:0
[   17288ms] [ERROR] Failed to fetch album bookmarks:: ApiErrorResponseError: Login required
    at unwrapResponseEnvelope (http://localhost:5173/src/api/client.ts:40:11)
    at async fetchAlbumBookmarks (http://localhost:5173/src/views/music/ExploreView.vue:51:26)
    at async Promise.all (index 1)
    at async fetchAlbumIndex (http://localhost:5173/src/views/music/ExploreView.vue:199:28) @ http://localhost:5173/src/utils/logger.ts:10
[   17404ms] [ERROR] Failed to load resource: the server responded with a status of 401 (Unauthorized) @ http://localhost:5173/api/v1/music/bookmarks/albums:0
[   17483ms] [ERROR] Failed to load resource: the server responded with a status of 401 (Unauthorized) @ http://localhost:5173/api/v1/music/playlists:0
[   17543ms] [ERROR] Failed to load resource: the server responded with a status of 401 (Unauthorized) @ http://localhost:5173/api/v1/music/playlists:0
[  119737ms] [WARNING] [Vue warn]: Invalid prop: type check failed for prop "count". Expected String | Number, got Undefined  
  at <PDiscussionFAB key=0 onClick=fn count=undefined > 
  at <BaseTransition appear=false persisted=false mode=undefined  ... > 
  at <Transition name="slide-right" > 
  at <PSheet show=true title="专辑详情" show-title=false  ... > 
  at <AlbumDrawer key=1 layer= {key: album:019fa2ca-a4b3-7288-82c2-7b2384c40b80, kind: album, title: 专辑详情, route: /music/album/019fa2ca-a4b3-7288-82c2-7b2384c40b80, payload: Object} layer-index=0  ... > 
  at <MusicSheetStack> 
  at <MusicLayout onVnodeUnmounted=fn<onVnodeUnmounted> ref=Ref< Proxy(Object) > > 
  at <RouterView> 
  at <ConfigProvider theme-overrides= {common: Object} > 
  at <App> @ http://localhost:5173/node_modules/.vite/deps/chunk-2FDUVFJ5.js?v=5a3fb38e:1512
[  133720ms] [WARNING] [Vue warn]: Invalid prop: type check failed for prop "count". Expected String | Number, got Undefined  
  at <PDiscussionFAB key=0 onClick=fn count=undefined > 
  at <BaseTransition appear=false persisted=false mode=undefined  ... > 
  at <Transition name="slide-right" > 
  at <PSheet show=true title="专辑详情" show-title=false  ... > 
  at <AlbumDrawer key=1 layer= {key: album:019fa2ca-a4b3-7288-82c2-7b2384c40b80, kind: album, title: 专辑详情, route: /music/album/019fa2ca-a4b3-7288-82c2-7b2384c40b80, payload: Object} layer-index=0  ... > 
  at <MusicSheetStack> 
  at <MusicLayout onVnodeUnmounted=fn<onVnodeUnmounted> ref=Ref< undefined > > 
  at <RouterView> 
  at <ConfigProvider theme-overrides= {common: Object} > 
  at <App> @ http://localhost:5173/node_modules/.vite/deps/chunk-2FDUVFJ5.js?v=5a3fb38e:1512
[  133831ms] [ERROR] Failed to load resource: the server responded with a status of 401 (Unauthorized) @ http://localhost:5173/api/v1/music/playlists:0
[  133913ms] [ERROR] Failed to load resource: the server responded with a status of 401 (Unauthorized) @ http://localhost:5173/api/v1/music/bookmarks/playlists:0
[  133915ms] [ERROR] Failed to load resource: the server responded with a status of 401 (Unauthorized) @ http://localhost:5173/api/v1/music/bookmarks/albums:0
[  133951ms] [ERROR] Failed to load resource: the server responded with a status of 401 (Unauthorized) @ http://localhost:5173/api/v1/music/bookmarks/albums:0
[  133954ms] [ERROR] Failed to fetch album bookmarks:: ApiErrorResponseError: Login required
    at unwrapResponseEnvelope (http://localhost:5173/src/api/client.ts:40:11)
    at async fetchAlbumBookmarks (http://localhost:5173/src/views/music/ExploreView.vue:51:26)
    at async Promise.all (index 1)
    at async fetchAlbumIndex (http://localhost:5173/src/views/music/ExploreView.vue:199:28) @ http://localhost:5173/src/utils/logger.ts:10
[  134005ms] [ERROR] Failed to load resource: the server responded with a status of 401 (Unauthorized) @ http://localhost:5173/api/v1/music/playlists:0
[  134040ms] [ERROR] Failed to load resource: the server responded with a status of 401 (Unauthorized) @ http://localhost:5173/api/v1/music/playlists:0
